Log file open, 03/28/25 16:51:56
LogWindows: Failed to load 'aqProf.dll' (GetLastError=126)
LogWindows: File 'aqProf.dll' does not exist
LogWindows: Failed to load 'VtuneApi.dll' (GetLastError=126)
LogWindows: File 'VtuneApi.dll' does not exist
LogWindows: Failed to load 'VtuneApi32e.dll' (GetLastError=126)
LogWindows: File 'VtuneApi32e.dll' does not exist
LogConsoleResponse: Display: Failed to find resolution value strings in scalability ini. Falling back to default.
LogConsoleResponse: Display: Failed to find resolution value strings in scalability ini. Falling back to default.
LogPakFile: Display: Found Pak file ../../../Mars/Content/Paks/Mars-WindowsNoEditor.pak attempting to mount.
LogPakFile: Display: Mounting pak file ../../../Mars/Content/Paks/Mars-WindowsNoEditor.pak.
LogPakFile: PakFile PrimaryIndexSize=150722
LogPakFile: PakFile PathHashIndexSize=90790
LogPakFile: PakFile FullDirectoryIndexSize=184495
LogShaderLibrary: Display: ShaderCodeLibraryPakFileMountedCallback: PakFile '../../../Mars/Content/Paks/Mars-WindowsNoEditor.pak' (chunk index -1, root '../../../') mounted
LogShaderLibrary: Display: ShaderCodeLibraryPakFileMountedCallback: pending pak file info (ChunkID:-1 Root:../../../ File:../../../Mars/Content/Paks/Mars-WindowsNoEditor.pak)
LogPakFile: OnPakFileMounted2Time == 0.000079
LogPlatformFile: Not using cached read wrapper
LogTaskGraph: Started task graph with 5 named threads and 59 total threads with 3 sets of task threads.
LogStats: Stats thread started at 0.161673
LogICUInternationalization: ICU TimeZone Detection - Raw Offset: +1:00, Platform Override: ''
LogInit: Display: Loading text-based GConfig....
LogPluginManager: Mounting plugin AirSim
LogPluginManager: Mounting plugin PhysXVehicles
LogPluginManager: Mounting plugin PhysicalLayout
LogPluginManager: Mounting plugin Paper2D
LogPluginManager: Mounting plugin AISupport
LogPluginManager: Mounting plugin EnvironmentQueryEditor
LogPluginManager: Mounting plugin LightPropagationVolume
LogPluginManager: Mounting plugin CameraShakePreviewer
LogPluginManager: Mounting plugin GameplayCameras
LogPluginManager: Mounting plugin TemplateSequence
LogPluginManager: Mounting plugin LevelSequenceEditor
LogPluginManager: Mounting plugin OodleData
LogPluginManager: Mounting plugin OodleNetwork
LogPluginManager: Mounting plugin AnimationSharing
LogPluginManager: Mounting plugin SignificanceManager
LogPluginManager: Mounting plugin PixWinPlugin
LogPluginManager: Mounting plugin PluginUtils
LogPluginManager: Mounting plugin PropertyAccessEditor
LogPluginManager: Mounting plugin UObjectPlugin
LogPluginManager: Mounting plugin AssetManagerEditor
LogPluginManager: Mounting plugin FacialAnimation
LogPluginManager: Mounting plugin GeometryMode
LogPluginManager: Mounting plugin SpeedTreeImporter
LogPluginManager: Mounting plugin DatasmithContent
LogPluginManager: Mounting plugin VariantManagerContent
LogPluginManager: Mounting plugin AlembicImporter
LogPluginManager: Mounting plugin GeometryCache
LogPluginManager: Mounting plugin AutomationUtils
LogPluginManager: Mounting plugin ScreenshotTools
LogPluginManager: Mounting plugin BackChannel
LogPluginManager: Mounting plugin ChaosClothEditor
LogPluginManager: Mounting plugin ChaosCloth
LogPluginManager: Mounting plugin ChaosEditor
LogPluginManager: Mounting plugin PlanarCut
LogPluginManager: Mounting plugin GeometryProcessing
LogPluginManager: Mounting plugin EditableMesh
LogPluginManager: Mounting plugin GeometryCollectionPlugin
LogPluginManager: Mounting plugin ProceduralMeshComponent
LogPluginManager: Mounting plugin ChaosSolverPlugin
LogPluginManager: Mounting plugin ChaosNiagara
LogPluginManager: Mounting plugin Niagara
LogPluginManager: Mounting plugin PythonScriptPlugin
LogPluginManager: Mounting plugin CharacterAI
LogPluginManager: Mounting plugin MotoSynth
LogPluginManager: Mounting plugin OpenImageDenoise
LogPluginManager: Mounting plugin PlatformCrypto
LogPluginManager: Mounting plugin MagicLeapPassableWorld
LogPluginManager: Mounting plugin MagicLeap
LogPluginManager: Mounting plugin MLSDK
LogPluginManager: Mounting plugin MagicLeapLightEstimation
LogPluginManager: Mounting plugin AvfMedia
LogPluginManager: Mounting plugin ImgMedia
LogPluginManager: Mounting plugin MediaCompositing
LogPluginManager: Mounting plugin WmfMedia
LogPluginManager: Mounting plugin MegascansPlugin
LogPluginManager: Mounting plugin EditorScriptingUtilities
LogPluginManager: Mounting plugin SQLiteSupport
LogPluginManager: Mounting plugin DatabaseSupport
LogPluginManager: Mounting plugin SQLiteCore
LogPluginManager: Mounting plugin MeshPainting
LogPluginManager: Mounting plugin TcpMessaging
LogPluginManager: Mounting plugin UdpMessaging
LogPluginManager: Mounting plugin ActorSequence
LogPluginManager: Mounting plugin MatineeToLevelSequence
LogPluginManager: Mounting plugin OnlineSubsystemNull
LogPluginManager: Mounting plugin OnlineSubsystem
LogPluginManager: Mounting plugin OnlineSubsystemUtils
LogPluginManager: Mounting plugin LauncherChunkInstaller
LogPluginManager: Mounting plugin ActorLayerUtilities
LogPluginManager: Mounting plugin AndroidPermission
LogPluginManager: Mounting plugin AppleImageUtils
LogPluginManager: Mounting plugin ArchVisCharacter
LogPluginManager: Mounting plugin AssetTags
LogPluginManager: Mounting plugin AudioCapture
LogPluginManager: Mounting plugin CableComponent
LogPluginManager: Mounting plugin ChunkDownloader
LogPluginManager: Mounting plugin CustomMeshComponent
LogPluginManager: Mounting plugin ExampleDeviceProfileSelector
LogPluginManager: Mounting plugin GooglePAD
LogPluginManager: Mounting plugin LocationServicesBPLibrary
LogPluginManager: Mounting plugin MobilePatchingUtils
LogPluginManager: Mounting plugin OculusVR
LogPluginManager: Mounting plugin OpenXREyeTracker
LogPluginManager: Mounting plugin OpenXR
LogPluginManager: Mounting plugin OpenXRHandTracking
LogPluginManager: Mounting plugin LiveLink
LogPluginManager: Mounting plugin Takes
LogPluginManager: Mounting plugin RuntimePhysXCooking
LogPluginManager: Mounting plugin SoundFields
LogPluginManager: Mounting plugin SteamVR
LogPluginManager: Mounting plugin Synthesis
LogPluginManager: Mounting plugin AudioSynesthesia
LogPluginManager: Mounting plugin WebMMoviePlayer
LogPluginManager: Mounting plugin WebMMedia
LogPluginManager: Mounting plugin WindowsMoviePlayer
PixWinPlugin: PIX capture plugin failed to initialize! Check that the process is launched from PIX.
LogLuminAPIImpl: Warning: MLSDK not found.  This likely means the MLSDK environment variable is not set.
LogInit: Using libcurl 7.55.1-DEV
LogInit:  - built for x86_64-pc-win32
LogInit:  - supports SSL with OpenSSL/1.1.1
LogInit:  - supports HTTP deflate (compression) using libz 1.2.8
LogInit:  - other features:
LogInit:      CURL_VERSION_SSL
LogInit:      CURL_VERSION_LIBZ
LogInit:      CURL_VERSION_IPV6
LogInit:      CURL_VERSION_ASYNCHDNS
LogInit:      CURL_VERSION_LARGEFILE
LogInit:      CURL_VERSION_IDN
LogInit:  CurlRequestOptions (configurable via config and command line):
LogInit:  - bVerifyPeer = true  - Libcurl will verify peer certificate
LogInit:  - bUseHttpProxy = false  - Libcurl will NOT use HTTP proxy
LogInit:  - bDontReuseConnections = false  - Libcurl will reuse connections
LogInit:  - MaxHostConnections = 16  - Libcurl will limit the number of connections to a host
LogInit:  - LocalHostAddr = Default
LogInit:  - BufferSize = 65536
LogOnline: OSS: Creating online subsystem instance for: NULL
LogInit: WinSock: version 1.1 (2.2), MaxSocks=32767, MaxUdp=65467
LogOnline: OSS: TryLoadSubsystemAndSetDefault: Loaded subsystem for module [NULL]
LogOculusPluginWrapper: OculusPlugin initialized successfully
LogHMD: Failed initializing OVRPlugin 1.59.0
LogInit: Build: ++UE4+Release-4.27-CL-18319896
LogInit: Engine Version: 4.27.2-18319896+++UE4+Release-4.27
LogInit: Compatible Engine Version: 4.27.0-17155196+++UE4+Release-4.27
LogInit: Net CL: 17155196
LogInit: OS: Windows 10 (Release 2009) (), CPU: Intel(R) Core(TM) i9-10900 CPU @ 2.80GHz, GPU: Microsoft Remote Display Adapter
LogInit: Compiled (64-bit): Nov 30 2021 07:26:28
LogInit: Compiled with Visual C++: 19.16.27032.01
LogInit: Build Configuration: Development
LogInit: Branch Name: ++UE4+Release-4.27
LogInit: Command Line:  -windowed
LogInit: Base Directory: D:/MarsEnv2/WindowsNoEditor/Mars/Binaries/Win64/
LogInit: Allocator: binned2
LogInit: Installed Engine Build: 0
LogDevObjectVersion: Number of dev versions registered: 29
LogDevObjectVersion:   Dev-Blueprints (B0D832E4-1F89-4F0D-ACCF-7EB736FD4AA2): 10
LogDevObjectVersion:   Dev-Build (E1C64328-A22C-4D53-A36C-8E866417BD8C): 0
LogDevObjectVersion:   Dev-Core (375EC13C-06E4-48FB-B500-84F0262A717E): 4
LogDevObjectVersion:   Dev-Editor (E4B068ED-F494-42E9-A231-DA0B2E46BB41): 40
LogDevObjectVersion:   Dev-Framework (CFFC743F-43B0-4480-9391-14DF171D2073): 37
LogDevObjectVersion:   Dev-Mobile (B02B49B5-BB20-44E9-A304-32B752E40360): 3
LogDevObjectVersion:   Dev-Networking (A4E4105C-59A1-49B5-A7C5-40C4547EDFEE): 0
LogDevObjectVersion:   Dev-Online (39C831C9-5AE6-47DC-9A44-9C173E1C8E7C): 0
LogDevObjectVersion:   Dev-Physics (78F01B33-EBEA-4F98-B9B4-84EACCB95AA2): 14
LogDevObjectVersion:   Dev-Platform (6631380F-2D4D-43E0-8009-CF276956A95A): 0
LogDevObjectVersion:   Dev-Rendering (12F88B9F-8875-4AFC-A67C-D90C383ABD29): 45
LogDevObjectVersion:   Dev-Sequencer (7B5AE74C-D270-4C10-A958-57980B212A5A): 13
LogDevObjectVersion:   Dev-VR (D7296918-1DD6-4BDD-9DE2-64A83CC13884): 3
LogDevObjectVersion:   Dev-LoadTimes (C2A15278-BFE7-4AFE-6C17-90FF531DF755): 1
LogDevObjectVersion:   Private-Geometry (6EACA3D4-40EC-4CC1-B786-8BED09428FC5): 3
LogDevObjectVersion:   Dev-AnimPhys (29E575DD-E0A3-4627-9D10-D276232CDCEA): 17
LogDevObjectVersion:   Dev-Anim (AF43A65D-7FD3-4947-9873-3E8ED9C1BB05): 15
LogDevObjectVersion:   Dev-ReflectionCapture (6B266CEC-1EC7-4B8F-A30B-E4D90942FC07): 1
LogDevObjectVersion:   Dev-Automation (0DF73D61-A23F-47EA-B727-89E90C41499A): 1
LogDevObjectVersion:   FortniteMain (601D1886-AC64-4F84-AA16-D3DE0DEAC7D6): 47
LogDevObjectVersion:   FortniteRelease (E7086368-6B23-4C58-8439-1B7016265E91): 1
LogDevObjectVersion:   Dev-Enterprise (9DFFBCD6-494F-0158-E221-12823C92A888): 10
LogDevObjectVersion:   Dev-Niagara (F2AED0AC-9AFE-416F-8664-AA7FFA26D6FC): 1
LogDevObjectVersion:   Dev-Destruction (174F1F0B-B4C6-45A5-B13F-2EE8D0FB917D): 10
LogDevObjectVersion:   Dev-Physics-Ext (35F94A83-E258-406C-A318-09F59610247C): 41
LogDevObjectVersion:   Dev-PhysicsMaterial-Chaos (B68FC16E-8B1B-42E2-B453-215C058844FE): 1
LogDevObjectVersion:   Dev-CineCamera (B2E18506-4273-CFC2-A54E-F4BB758BBA07): 1
LogDevObjectVersion:   Dev-VirtualProduction (64F58936-FD1B-42BA-BA96-7289D5D0FA4E): 1
LogDevObjectVersion:   Dev-MediaFramework (6F0ED827-A609-4895-9C91-998D90180EA4): 2
LogInit: Presizing for max 2097152 objects, including 1 objects not considered by GC, pre-allocating 0 bytes for permanent pool.
LogConfig: Applying CVar settings from Section [/Script/Engine.StreamingSettings] File [../../../Mars/Saved/Config/WindowsNoEditor/Engine.ini]
LogConfig: Setting CVar [[s.MinBulkDataSizeForAsyncLoading:131072]]
LogConfig: Setting CVar [[s.AsyncLoadingThreadEnabled:0]]
LogConfig: Setting CVar [[s.EventDrivenLoaderEnabled:1]]
LogConfig: Setting CVar [[s.WarnIfTimeLimitExceeded:0]]
LogConfig: Setting CVar [[s.TimeLimitExceededMultiplier:1.5]]
LogConfig: Setting CVar [[s.TimeLimitExceededMinTime:0.005]]
LogConfig: Setting CVar [[s.UseBackgroundLevelStreaming:1]]
LogConfig: Setting CVar [[s.PriorityAsyncLoadingExtraTime:15.0]]
LogConfig: Setting CVar [[s.LevelStreamingActorsUpdateTimeLimit:5.0]]
LogConfig: Setting CVar [[s.PriorityLevelStreamingActorsUpdateExtraTime:5.0]]
LogConfig: Setting CVar [[s.LevelStreamingComponentsRegistrationGranularity:10]]
LogConfig: Setting CVar [[s.UnregisterComponentsTimeLimit:1.0]]
LogConfig: Setting CVar [[s.LevelStreamingComponentsUnregistrationGranularity:5]]
LogConfig: Setting CVar [[s.FlushStreamingOnExit:1]]
LogStreaming: Display: Async Loading initialized: Event Driven Loader: true, Async Loading Thread: false, Async Post Load: true
LogInit: Object subsystem initialized
LogConfig: Setting CVar [[con.DebugEarlyDefault:1]]
LogConfig: Setting CVar [[r.setres:1280x720]]
LogConfig: Setting CVar [[fx.NiagaraAllowRuntimeScalabilityChanges:1]]
[2025.03.28-15.51.56:727][  0]LogConfig: Setting CVar [[con.DebugEarlyDefault:1]]
[2025.03.28-15.51.56:727][  0]LogConfig: Setting CVar [[r.setres:1280x720]]
[2025.03.28-15.51.56:727][  0]LogConfig: Setting CVar [[fx.NiagaraAllowRuntimeScalabilityChanges:1]]
[2025.03.28-15.51.56:727][  0]LogConfig: Applying CVar settings from Section [/Script/Engine.RendererSettings] File [../../../Mars/Saved/Config/WindowsNoEditor/Engine.ini]
[2025.03.28-15.51.56:727][  0]LogConfig: Setting CVar [[r.GPUCrashDebugging:0]]
[2025.03.28-15.51.56:728][  0]LogConfig: Applying CVar settings from Section [/Script/Engine.RendererOverrideSettings] File [../../../Mars/Saved/Config/WindowsNoEditor/Engine.ini]
[2025.03.28-15.51.56:728][  0]LogConfig: Applying CVar settings from Section [/Script/Engine.StreamingSettings] File [../../../Mars/Saved/Config/WindowsNoEditor/Engine.ini]
[2025.03.28-15.51.56:728][  0]LogConfig: Setting CVar [[s.MinBulkDataSizeForAsyncLoading:131072]]
[2025.03.28-15.51.56:728][  0]LogConfig: Setting CVar [[s.AsyncLoadingThreadEnabled:0]]
[2025.03.28-15.51.56:728][  0]LogConfig: Setting CVar [[s.EventDrivenLoaderEnabled:1]]
[2025.03.28-15.51.56:728][  0]LogConfig: Setting CVar [[s.WarnIfTimeLimitExceeded:0]]
[2025.03.28-15.51.56:728][  0]LogConfig: Setting CVar [[s.TimeLimitExceededMultiplier:1.5]]
[2025.03.28-15.51.56:728][  0]LogConfig: Setting CVar [[s.TimeLimitExceededMinTime:0.005]]
[2025.03.28-15.51.56:728][  0]LogConfig: Setting CVar [[s.UseBackgroundLevelStreaming:1]]
[2025.03.28-15.51.56:728][  0]LogConfig: Setting CVar [[s.PriorityAsyncLoadingExtraTime:15.0]]
[2025.03.28-15.51.56:728][  0]LogConfig: Setting CVar [[s.LevelStreamingActorsUpdateTimeLimit:5.0]]
[2025.03.28-15.51.56:728][  0]LogConfig: Setting CVar [[s.PriorityLevelStreamingActorsUpdateExtraTime:5.0]]
[2025.03.28-15.51.56:728][  0]LogConfig: Setting CVar [[s.LevelStreamingComponentsRegistrationGranularity:10]]
[2025.03.28-15.51.56:728][  0]LogConfig: Setting CVar [[s.UnregisterComponentsTimeLimit:1.0]]
[2025.03.28-15.51.56:728][  0]LogConfig: Setting CVar [[s.LevelStreamingComponentsUnregistrationGranularity:5]]
[2025.03.28-15.51.56:728][  0]LogConfig: Setting CVar [[s.FlushStreamingOnExit:1]]
[2025.03.28-15.51.56:728][  0]LogConfig: Applying CVar settings from Section [/Script/Engine.GarbageCollectionSettings] File [../../../Mars/Saved/Config/WindowsNoEditor/Engine.ini]
[2025.03.28-15.51.56:728][  0]LogConfig: Setting CVar [[gc.MaxObjectsNotConsideredByGC:1]]
[2025.03.28-15.51.56:728][  0]LogConfig: Setting CVar [[gc.SizeOfPermanentObjectPool:0]]
[2025.03.28-15.51.56:728][  0]LogConfig: Setting CVar [[gc.FlushStreamingOnGC:0]]
[2025.03.28-15.51.56:728][  0]LogConfig: Setting CVar [[gc.NumRetriesBeforeForcingGC:10]]
[2025.03.28-15.51.56:728][  0]LogConfig: Setting CVar [[gc.AllowParallelGC:1]]
[2025.03.28-15.51.56:728][  0]LogConfig: Setting CVar [[gc.TimeBetweenPurgingPendingKillObjects:61.1]]
[2025.03.28-15.51.56:728][  0]LogConfig: Setting CVar [[gc.MaxObjectsInEditor:25165824]]
[2025.03.28-15.51.56:728][  0]LogConfig: Setting CVar [[gc.IncrementalBeginDestroyEnabled:1]]
[2025.03.28-15.51.56:728][  0]LogConfig: Setting CVar [[gc.CreateGCClusters:1]]
[2025.03.28-15.51.56:728][  0]LogConfig: Setting CVar [[gc.MinGCClusterSize:5]]
[2025.03.28-15.51.56:728][  0]LogConfig: Setting CVar [[gc.ActorClusteringEnabled:0]]
[2025.03.28-15.51.56:728][  0]LogConfig: Setting CVar [[gc.BlueprintClusteringEnabled:0]]
[2025.03.28-15.51.56:728][  0]LogConfig: Setting CVar [[gc.UseDisregardForGCOnDedicatedServers:0]]
[2025.03.28-15.51.56:728][  0]LogConfig: Setting CVar [[gc.MultithreadedDestructionEnabled:1]]
[2025.03.28-15.51.56:728][  0]LogConfig: Applying CVar settings from Section [/Script/Engine.NetworkSettings] File [../../../Mars/Saved/Config/WindowsNoEditor/Engine.ini]
[2025.03.28-15.51.56:733][  0]LogConfig: Applying CVar settings from Section [ViewDistanceQuality@3] File [../../../Mars/Saved/Config/WindowsNoEditor/Scalability.ini]
[2025.03.28-15.51.56:733][  0]LogConfig: Setting CVar [[r.SkeletalMeshLODBias:0]]
[2025.03.28-15.51.56:733][  0]LogConfig: Setting CVar [[r.ViewDistanceScale:1.0]]
[2025.03.28-15.51.56:733][  0]LogConfig: Applying CVar settings from Section [AntiAliasingQuality@3] File [../../../Mars/Saved/Config/WindowsNoEditor/Scalability.ini]
[2025.03.28-15.51.56:733][  0]LogConfig: Setting CVar [[r.PostProcessAAQuality:4]]
[2025.03.28-15.51.56:733][  0]LogConfig: Applying CVar settings from Section [ShadowQuality@3] File [../../../Mars/Saved/Config/WindowsNoEditor/Scalability.ini]
[2025.03.28-15.51.56:733][  0]LogConfig: Setting CVar [[r.LightFunctionQuality:1]]
[2025.03.28-15.51.56:733][  0]LogConfig: Setting CVar [[r.ShadowQuality:5]]
[2025.03.28-15.51.56:733][  0]LogConfig: Setting CVar [[r.Shadow.CSM.MaxCascades:10]]
[2025.03.28-15.51.56:733][  0]LogConfig: Setting CVar [[r.Shadow.MaxResolution:2048]]
[2025.03.28-15.51.56:733][  0]LogConfig: Setting CVar [[r.Shadow.MaxCSMResolution:2048]]
[2025.03.28-15.51.56:733][  0]LogConfig: Setting CVar [[r.Shadow.RadiusThreshold:0.01]]
[2025.03.28-15.51.56:733][  0]LogConfig: Setting CVar [[r.Shadow.DistanceScale:1.0]]
[2025.03.28-15.51.56:733][  0]LogConfig: Setting CVar [[r.Shadow.CSM.TransitionScale:1.0]]
[2025.03.28-15.51.56:733][  0]LogConfig: Setting CVar [[r.Shadow.PreShadowResolutionFactor:1.0]]
[2025.03.28-15.51.56:733][  0]LogConfig: Setting CVar [[r.DistanceFieldShadowing:1]]
[2025.03.28-15.51.56:733][  0]LogConfig: Setting CVar [[r.DistanceFieldAO:1]]
[2025.03.28-15.51.56:733][  0]LogConfig: Setting CVar [[r.AOQuality:2]]
[2025.03.28-15.51.56:733][  0]LogConfig: Setting CVar [[r.VolumetricFog:1]]
[2025.03.28-15.51.56:733][  0]LogConfig: Setting CVar [[r.VolumetricFog.GridPixelSize:8]]
[2025.03.28-15.51.56:733][  0]LogConfig: Setting CVar [[r.VolumetricFog.GridSizeZ:128]]
[2025.03.28-15.51.56:733][  0]LogConfig: Setting CVar [[r.VolumetricFog.HistoryMissSupersampleCount:4]]
[2025.03.28-15.51.56:733][  0]LogConfig: Setting CVar [[r.LightMaxDrawDistanceScale:1]]
[2025.03.28-15.51.56:733][  0]LogConfig: Setting CVar [[r.CapsuleShadows:1]]
[2025.03.28-15.51.56:733][  0]LogConfig: Applying CVar settings from Section [PostProcessQuality@3] File [../../../Mars/Saved/Config/WindowsNoEditor/Scalability.ini]
[2025.03.28-15.51.56:733][  0]LogConfig: Setting CVar [[r.MotionBlurQuality:4]]
[2025.03.28-15.51.56:733][  0]LogConfig: Setting CVar [[r.AmbientOcclusionMipLevelFactor:0.4]]
[2025.03.28-15.51.56:733][  0]LogConfig: Setting CVar [[r.AmbientOcclusionMaxQuality:100]]
[2025.03.28-15.51.56:733][  0]LogConfig: Setting CVar [[r.AmbientOcclusionLevels:-1]]
[2025.03.28-15.51.56:733][  0]LogConfig: Setting CVar [[r.AmbientOcclusionRadiusScale:1.0]]
[2025.03.28-15.51.56:733][  0]LogConfig: Setting CVar [[r.DepthOfFieldQuality:2]]
[2025.03.28-15.51.56:733][  0]LogConfig: Setting CVar [[r.RenderTargetPoolMin:400]]
[2025.03.28-15.51.56:733][  0]LogConfig: Setting CVar [[r.LensFlareQuality:2]]
[2025.03.28-15.51.56:733][  0]LogConfig: Setting CVar [[r.SceneColorFringeQuality:1]]
[2025.03.28-15.51.56:733][  0]LogConfig: Setting CVar [[r.EyeAdaptationQuality:2]]
[2025.03.28-15.51.56:733][  0]LogConfig: Setting CVar [[r.BloomQuality:5]]
[2025.03.28-15.51.56:733][  0]LogConfig: Setting CVar [[r.FastBlurThreshold:100]]
[2025.03.28-15.51.56:733][  0]LogConfig: Setting CVar [[r.Upscale.Quality:3]]
[2025.03.28-15.51.56:733][  0]LogConfig: Setting CVar [[r.Tonemapper.GrainQuantization:1]]
[2025.03.28-15.51.56:733][  0]LogConfig: Setting CVar [[r.LightShaftQuality:1]]
[2025.03.28-15.51.56:733][  0]LogConfig: Setting CVar [[r.Filter.SizeScale:1]]
[2025.03.28-15.51.56:733][  0]LogConfig: Setting CVar [[r.Tonemapper.Quality:5]]
[2025.03.28-15.51.56:733][  0]LogConfig: Setting CVar [[r.DOF.Gather.AccumulatorQuality:1        ; higher gathering accumulator quality]]
[2025.03.28-15.51.56:733][  0]LogConfig: Setting CVar [[r.DOF.Gather.PostfilterMethod:1          ; Median3x3 postfilering method]]
[2025.03.28-15.51.56:733][  0]LogConfig: Setting CVar [[r.DOF.Gather.EnableBokehSettings:0       ; no bokeh simulation when gathering]]
[2025.03.28-15.51.56:733][  0]LogConfig: Setting CVar [[r.DOF.Gather.RingCount:4                 ; medium number of samples when gathering]]
[2025.03.28-15.51.56:733][  0]LogConfig: Setting CVar [[r.DOF.Scatter.ForegroundCompositing:1    ; additive foreground scattering]]
[2025.03.28-15.51.56:733][  0]LogConfig: Setting CVar [[r.DOF.Scatter.BackgroundCompositing:2    ; additive background scattering]]
[2025.03.28-15.51.56:733][  0]LogConfig: Setting CVar [[r.DOF.Scatter.EnableBokehSettings:1      ; bokeh simulation when scattering]]
[2025.03.28-15.51.56:733][  0]LogConfig: Setting CVar [[r.DOF.Scatter.MaxSpriteRatio:0.1         ; only a maximum of 10% of scattered bokeh]]
[2025.03.28-15.51.56:733][  0]LogConfig: Setting CVar [[r.DOF.Recombine.Quality:1                ; cheap slight out of focus]]
[2025.03.28-15.51.56:733][  0]LogConfig: Setting CVar [[r.DOF.Recombine.EnableBokehSettings:0    ; no bokeh simulation on slight out of focus]]
[2025.03.28-15.51.56:733][  0]LogConfig: Setting CVar [[r.DOF.TemporalAAQuality:1                ; more stable temporal accumulation]]
[2025.03.28-15.51.56:734][  0]LogConfig: Setting CVar [[r.DOF.Kernel.MaxForegroundRadius:0.025]]
[2025.03.28-15.51.56:734][  0]LogConfig: Setting CVar [[r.DOF.Kernel.MaxBackgroundRadius:0.025]]
[2025.03.28-15.51.56:734][  0]LogConfig: Applying CVar settings from Section [TextureQuality@3] File [../../../Mars/Saved/Config/WindowsNoEditor/Scalability.ini]
[2025.03.28-15.51.56:734][  0]LogConfig: Setting CVar [[r.Streaming.MipBias:0]]
[2025.03.28-15.51.56:734][  0]LogConfig: Setting CVar [[r.Streaming.AmortizeCPUToGPUCopy:0]]
[2025.03.28-15.51.56:734][  0]LogConfig: Setting CVar [[r.Streaming.MaxNumTexturesToStreamPerFrame:0]]
[2025.03.28-15.51.56:734][  0]LogConfig: Setting CVar [[r.Streaming.Boost:1]]
[2025.03.28-15.51.56:734][  0]LogConfig: Setting CVar [[r.MaxAnisotropy:8]]
[2025.03.28-15.51.56:734][  0]LogConfig: Setting CVar [[r.VT.MaxAnisotropy:8]]
[2025.03.28-15.51.56:734][  0]LogConfig: Setting CVar [[r.Streaming.LimitPoolSizeToVRAM:0]]
[2025.03.28-15.51.56:734][  0]LogConfig: Setting CVar [[r.Streaming.PoolSize:1000]]
[2025.03.28-15.51.56:734][  0]LogConfig: Setting CVar [[r.Streaming.MaxEffectiveScreenSize:0]]
[2025.03.28-15.51.56:734][  0]LogConfig: Applying CVar settings from Section [EffectsQuality@3] File [../../../Mars/Saved/Config/WindowsNoEditor/Scalability.ini]
[2025.03.28-15.51.56:734][  0]LogConfig: Setting CVar [[r.TranslucencyLightingVolumeDim:64]]
[2025.03.28-15.51.56:734][  0]LogConfig: Setting CVar [[r.RefractionQuality:2]]
[2025.03.28-15.51.56:734][  0]LogConfig: Setting CVar [[r.SSR.Quality:3]]
[2025.03.28-15.51.56:734][  0]LogConfig: Setting CVar [[r.SSR.HalfResSceneColor:0]]
[2025.03.28-15.51.56:734][  0]LogConfig: Setting CVar [[r.SceneColorFormat:4]]
[2025.03.28-15.51.56:734][  0]LogConfig: Setting CVar [[r.DetailMode:2]]
[2025.03.28-15.51.56:734][  0]LogConfig: Setting CVar [[r.TranslucencyVolumeBlur:1]]
[2025.03.28-15.51.56:734][  0]LogConfig: Setting CVar [[r.MaterialQualityLevel:1 ; High quality]]
[2025.03.28-15.51.56:734][  0]LogConfig: Setting CVar [[r.AnisotropicMaterials:1]]
[2025.03.28-15.51.56:734][  0]LogConfig: Setting CVar [[r.SSS.Scale:1]]
[2025.03.28-15.51.56:734][  0]LogConfig: Setting CVar [[r.SSS.SampleSet:2]]
[2025.03.28-15.51.56:734][  0]LogConfig: Setting CVar [[r.SSS.Quality:1]]
[2025.03.28-15.51.56:734][  0]LogConfig: Setting CVar [[r.SSS.HalfRes:0]]
[2025.03.28-15.51.56:734][  0]LogConfig: Setting CVar [[r.SSGI.Quality:3]]
[2025.03.28-15.51.56:734][  0]LogConfig: Setting CVar [[r.EmitterSpawnRateScale:1.0]]
[2025.03.28-15.51.56:734][  0]LogConfig: Setting CVar [[r.ParticleLightQuality:2]]
[2025.03.28-15.51.56:734][  0]LogConfig: Setting CVar [[r.SkyAtmosphere.AerialPerspectiveLUT.FastApplyOnOpaque:1 ; Always have FastSkyLUT 1 in this case to avoid wrong sky]]
[2025.03.28-15.51.56:734][  0]LogConfig: Setting CVar [[r.SkyAtmosphere.AerialPerspectiveLUT.SampleCountMaxPerSlice:4]]
[2025.03.28-15.51.56:734][  0]LogConfig: Setting CVar [[r.SkyAtmosphere.AerialPerspectiveLUT.DepthResolution:16.0]]
[2025.03.28-15.51.56:734][  0]LogConfig: Setting CVar [[r.SkyAtmosphere.FastSkyLUT:1]]
[2025.03.28-15.51.56:734][  0]LogConfig: Setting CVar [[r.SkyAtmosphere.FastSkyLUT.SampleCountMin:4.0]]
[2025.03.28-15.51.56:734][  0]LogConfig: Setting CVar [[r.SkyAtmosphere.FastSkyLUT.SampleCountMax:128.0]]
[2025.03.28-15.51.56:734][  0]LogConfig: Setting CVar [[r.SkyAtmosphere.SampleCountMin:4.0]]
[2025.03.28-15.51.56:734][  0]LogConfig: Setting CVar [[r.SkyAtmosphere.SampleCountMax:128.0]]
[2025.03.28-15.51.56:734][  0]LogConfig: Setting CVar [[r.SkyAtmosphere.TransmittanceLUT.UseSmallFormat:0]]
[2025.03.28-15.51.56:734][  0]LogConfig: Setting CVar [[r.SkyAtmosphere.TransmittanceLUT.SampleCount:10.0]]
[2025.03.28-15.51.56:734][  0]LogConfig: Setting CVar [[r.SkyAtmosphere.MultiScatteringLUT.SampleCount:15.0]]
[2025.03.28-15.51.56:734][  0]LogConfig: Setting CVar [[r.SkyLight.RealTimeReflectionCapture:1]]
[2025.03.28-15.51.56:734][  0]LogConfig: Setting CVar [[fx.Niagara.QualityLevel:3]]
[2025.03.28-15.51.56:734][  0]LogConfig: Applying CVar settings from Section [FoliageQuality@3] File [../../../Mars/Saved/Config/WindowsNoEditor/Scalability.ini]
[2025.03.28-15.51.56:734][  0]LogConfig: Setting CVar [[foliage.DensityScale:1.0]]
[2025.03.28-15.51.56:734][  0]LogConfig: Setting CVar [[grass.DensityScale:1.0]]
[2025.03.28-15.51.56:734][  0]LogConfig: Applying CVar settings from Section [ShadingQuality@3] File [../../../Mars/Saved/Config/WindowsNoEditor/Scalability.ini]
[2025.03.28-15.51.56:734][  0]LogConfig: Setting CVar [[r.HairStrands.SkyLighting.IntegrationType:2]]
[2025.03.28-15.51.56:734][  0]LogConfig: Setting CVar [[r.HairStrands.SkyAO.SampleCount:4]]
[2025.03.28-15.51.56:734][  0]LogConfig: Setting CVar [[r.HairStrands.Visibility.MSAA.SamplePerPixel:4]]
[2025.03.28-15.51.56:735][  0]LogInit: Selected Device Profile: [WindowsNoEditor]
[2025.03.28-15.51.56:735][  0]LogInit: Applying CVar settings loaded from the selected device profile: [WindowsNoEditor]
[2025.03.28-15.51.56:735][  0]LogHAL: Display: Platform has ~ 32 GB [34101932032 / 34359738368 / 32], which maps to Largest [LargestMinGB=32, LargerMinGB=12, DefaultMinGB=8, SmallerMinGB=6, SmallestMinGB=0)
[2025.03.28-15.51.56:735][  0]LogInit: Going up to parent DeviceProfile [Windows]
[2025.03.28-15.51.56:735][  0]LogInit: Going up to parent DeviceProfile []
[2025.03.28-15.51.56:735][  0]LogConfig: Applying CVar settings from Section [ViewDistanceQuality@3] File [../../../Mars/Saved/Config/WindowsNoEditor/Scalability.ini]
[2025.03.28-15.51.56:735][  0]LogConfig: Setting CVar [[r.SkeletalMeshLODBias:0]]
[2025.03.28-15.51.56:735][  0]LogConfig: Setting CVar [[r.ViewDistanceScale:1.0]]
[2025.03.28-15.51.56:735][  0]LogConfig: Applying CVar settings from Section [AntiAliasingQuality@3] File [../../../Mars/Saved/Config/WindowsNoEditor/Scalability.ini]
[2025.03.28-15.51.56:735][  0]LogConfig: Setting CVar [[r.PostProcessAAQuality:4]]
[2025.03.28-15.51.56:735][  0]LogConfig: Applying CVar settings from Section [ShadowQuality@3] File [../../../Mars/Saved/Config/WindowsNoEditor/Scalability.ini]
[2025.03.28-15.51.56:735][  0]LogConfig: Setting CVar [[r.LightFunctionQuality:1]]
[2025.03.28-15.51.56:735][  0]LogConfig: Setting CVar [[r.ShadowQuality:5]]
[2025.03.28-15.51.56:735][  0]LogConfig: Setting CVar [[r.Shadow.CSM.MaxCascades:10]]
[2025.03.28-15.51.56:735][  0]LogConfig: Setting CVar [[r.Shadow.MaxResolution:2048]]
[2025.03.28-15.51.56:735][  0]LogConfig: Setting CVar [[r.Shadow.MaxCSMResolution:2048]]
[2025.03.28-15.51.56:735][  0]LogConfig: Setting CVar [[r.Shadow.RadiusThreshold:0.01]]
[2025.03.28-15.51.56:735][  0]LogConfig: Setting CVar [[r.Shadow.DistanceScale:1.0]]
[2025.03.28-15.51.56:735][  0]LogConfig: Setting CVar [[r.Shadow.CSM.TransitionScale:1.0]]
[2025.03.28-15.51.56:735][  0]LogConfig: Setting CVar [[r.Shadow.PreShadowResolutionFactor:1.0]]
[2025.03.28-15.51.56:735][  0]LogConfig: Setting CVar [[r.DistanceFieldShadowing:1]]
[2025.03.28-15.51.56:735][  0]LogConfig: Setting CVar [[r.DistanceFieldAO:1]]
[2025.03.28-15.51.56:735][  0]LogConfig: Setting CVar [[r.AOQuality:2]]
[2025.03.28-15.51.56:735][  0]LogConfig: Setting CVar [[r.VolumetricFog:1]]
[2025.03.28-15.51.56:735][  0]LogConfig: Setting CVar [[r.VolumetricFog.GridPixelSize:8]]
[2025.03.28-15.51.56:735][  0]LogConfig: Setting CVar [[r.VolumetricFog.GridSizeZ:128]]
[2025.03.28-15.51.56:735][  0]LogConfig: Setting CVar [[r.VolumetricFog.HistoryMissSupersampleCount:4]]
[2025.03.28-15.51.56:735][  0]LogConfig: Setting CVar [[r.LightMaxDrawDistanceScale:1]]
[2025.03.28-15.51.56:735][  0]LogConfig: Setting CVar [[r.CapsuleShadows:1]]
[2025.03.28-15.51.56:735][  0]LogConfig: Applying CVar settings from Section [PostProcessQuality@3] File [../../../Mars/Saved/Config/WindowsNoEditor/Scalability.ini]
[2025.03.28-15.51.56:735][  0]LogConfig: Setting CVar [[r.MotionBlurQuality:4]]
[2025.03.28-15.51.56:735][  0]LogConfig: Setting CVar [[r.AmbientOcclusionMipLevelFactor:0.4]]
[2025.03.28-15.51.56:735][  0]LogConfig: Setting CVar [[r.AmbientOcclusionMaxQuality:100]]
[2025.03.28-15.51.56:735][  0]LogConfig: Setting CVar [[r.AmbientOcclusionLevels:-1]]
[2025.03.28-15.51.56:735][  0]LogConfig: Setting CVar [[r.AmbientOcclusionRadiusScale:1.0]]
[2025.03.28-15.51.56:735][  0]LogConfig: Setting CVar [[r.DepthOfFieldQuality:2]]
[2025.03.28-15.51.56:735][  0]LogConfig: Setting CVar [[r.RenderTargetPoolMin:400]]
[2025.03.28-15.51.56:735][  0]LogConfig: Setting CVar [[r.LensFlareQuality:2]]
[2025.03.28-15.51.56:735][  0]LogConfig: Setting CVar [[r.SceneColorFringeQuality:1]]
[2025.03.28-15.51.56:735][  0]LogConfig: Setting CVar [[r.EyeAdaptationQuality:2]]
[2025.03.28-15.51.56:735][  0]LogConfig: Setting CVar [[r.BloomQuality:5]]
[2025.03.28-15.51.56:735][  0]LogConfig: Setting CVar [[r.FastBlurThreshold:100]]
[2025.03.28-15.51.56:735][  0]LogConfig: Setting CVar [[r.Upscale.Quality:3]]
[2025.03.28-15.51.56:735][  0]LogConfig: Setting CVar [[r.Tonemapper.GrainQuantization:1]]
[2025.03.28-15.51.56:735][  0]LogConfig: Setting CVar [[r.LightShaftQuality:1]]
[2025.03.28-15.51.56:735][  0]LogConfig: Setting CVar [[r.Filter.SizeScale:1]]
[2025.03.28-15.51.56:735][  0]LogConfig: Setting CVar [[r.Tonemapper.Quality:5]]
[2025.03.28-15.51.56:735][  0]LogConfig: Setting CVar [[r.DOF.Gather.AccumulatorQuality:1        ; higher gathering accumulator quality]]
[2025.03.28-15.51.56:735][  0]LogConfig: Setting CVar [[r.DOF.Gather.PostfilterMethod:1          ; Median3x3 postfilering method]]
[2025.03.28-15.51.56:735][  0]LogConfig: Setting CVar [[r.DOF.Gather.EnableBokehSettings:0       ; no bokeh simulation when gathering]]
[2025.03.28-15.51.56:735][  0]LogConfig: Setting CVar [[r.DOF.Gather.RingCount:4                 ; medium number of samples when gathering]]
[2025.03.28-15.51.56:735][  0]LogConfig: Setting CVar [[r.DOF.Scatter.ForegroundCompositing:1    ; additive foreground scattering]]
[2025.03.28-15.51.56:735][  0]LogConfig: Setting CVar [[r.DOF.Scatter.BackgroundCompositing:2    ; additive background scattering]]
[2025.03.28-15.51.56:735][  0]LogConfig: Setting CVar [[r.DOF.Scatter.EnableBokehSettings:1      ; bokeh simulation when scattering]]
[2025.03.28-15.51.56:735][  0]LogConfig: Setting CVar [[r.DOF.Scatter.MaxSpriteRatio:0.1         ; only a maximum of 10% of scattered bokeh]]
[2025.03.28-15.51.56:736][  0]LogConfig: Setting CVar [[r.DOF.Recombine.Quality:1                ; cheap slight out of focus]]
[2025.03.28-15.51.56:736][  0]LogConfig: Setting CVar [[r.DOF.Recombine.EnableBokehSettings:0    ; no bokeh simulation on slight out of focus]]
[2025.03.28-15.51.56:736][  0]LogConfig: Setting CVar [[r.DOF.TemporalAAQuality:1                ; more stable temporal accumulation]]
[2025.03.28-15.51.56:736][  0]LogConfig: Setting CVar [[r.DOF.Kernel.MaxForegroundRadius:0.025]]
[2025.03.28-15.51.56:736][  0]LogConfig: Setting CVar [[r.DOF.Kernel.MaxBackgroundRadius:0.025]]
[2025.03.28-15.51.56:736][  0]LogConfig: Applying CVar settings from Section [TextureQuality@3] File [../../../Mars/Saved/Config/WindowsNoEditor/Scalability.ini]
[2025.03.28-15.51.56:736][  0]LogConfig: Setting CVar [[r.Streaming.MipBias:0]]
[2025.03.28-15.51.56:736][  0]LogConfig: Setting CVar [[r.Streaming.AmortizeCPUToGPUCopy:0]]
[2025.03.28-15.51.56:736][  0]LogConfig: Setting CVar [[r.Streaming.MaxNumTexturesToStreamPerFrame:0]]
[2025.03.28-15.51.56:736][  0]LogConfig: Setting CVar [[r.Streaming.Boost:1]]
[2025.03.28-15.51.56:736][  0]LogConfig: Setting CVar [[r.MaxAnisotropy:8]]
[2025.03.28-15.51.56:736][  0]LogConfig: Setting CVar [[r.VT.MaxAnisotropy:8]]
[2025.03.28-15.51.56:736][  0]LogConfig: Setting CVar [[r.Streaming.LimitPoolSizeToVRAM:0]]
[2025.03.28-15.51.56:736][  0]LogConfig: Setting CVar [[r.Streaming.PoolSize:1000]]
[2025.03.28-15.51.56:736][  0]LogConfig: Setting CVar [[r.Streaming.MaxEffectiveScreenSize:0]]
[2025.03.28-15.51.56:736][  0]LogConfig: Applying CVar settings from Section [EffectsQuality@3] File [../../../Mars/Saved/Config/WindowsNoEditor/Scalability.ini]
[2025.03.28-15.51.56:736][  0]LogConfig: Setting CVar [[r.TranslucencyLightingVolumeDim:64]]
[2025.03.28-15.51.56:736][  0]LogConfig: Setting CVar [[r.RefractionQuality:2]]
[2025.03.28-15.51.56:736][  0]LogConfig: Setting CVar [[r.SSR.Quality:3]]
[2025.03.28-15.51.56:736][  0]LogConfig: Setting CVar [[r.SSR.HalfResSceneColor:0]]
[2025.03.28-15.51.56:736][  0]LogConfig: Setting CVar [[r.SceneColorFormat:4]]
[2025.03.28-15.51.56:736][  0]LogConfig: Setting CVar [[r.DetailMode:2]]
[2025.03.28-15.51.56:736][  0]LogConfig: Setting CVar [[r.TranslucencyVolumeBlur:1]]
[2025.03.28-15.51.56:736][  0]LogConfig: Setting CVar [[r.MaterialQualityLevel:1 ; High quality]]
[2025.03.28-15.51.56:736][  0]LogConfig: Setting CVar [[r.AnisotropicMaterials:1]]
[2025.03.28-15.51.56:736][  0]LogConfig: Setting CVar [[r.SSS.Scale:1]]
[2025.03.28-15.51.56:736][  0]LogConfig: Setting CVar [[r.SSS.SampleSet:2]]
[2025.03.28-15.51.56:736][  0]LogConfig: Setting CVar [[r.SSS.Quality:1]]
[2025.03.28-15.51.56:736][  0]LogConfig: Setting CVar [[r.SSS.HalfRes:0]]
[2025.03.28-15.51.56:736][  0]LogConfig: Setting CVar [[r.SSGI.Quality:3]]
[2025.03.28-15.51.56:736][  0]LogConfig: Setting CVar [[r.EmitterSpawnRateScale:1.0]]
[2025.03.28-15.51.56:736][  0]LogConfig: Setting CVar [[r.ParticleLightQuality:2]]
[2025.03.28-15.51.56:736][  0]LogConfig: Setting CVar [[r.SkyAtmosphere.AerialPerspectiveLUT.FastApplyOnOpaque:1 ; Always have FastSkyLUT 1 in this case to avoid wrong sky]]
[2025.03.28-15.51.56:736][  0]LogConfig: Setting CVar [[r.SkyAtmosphere.AerialPerspectiveLUT.SampleCountMaxPerSlice:4]]
[2025.03.28-15.51.56:736][  0]LogConfig: Setting CVar [[r.SkyAtmosphere.AerialPerspectiveLUT.DepthResolution:16.0]]
[2025.03.28-15.51.56:736][  0]LogConfig: Setting CVar [[r.SkyAtmosphere.FastSkyLUT:1]]
[2025.03.28-15.51.56:736][  0]LogConfig: Setting CVar [[r.SkyAtmosphere.FastSkyLUT.SampleCountMin:4.0]]
[2025.03.28-15.51.56:736][  0]LogConfig: Setting CVar [[r.SkyAtmosphere.FastSkyLUT.SampleCountMax:128.0]]
[2025.03.28-15.51.56:736][  0]LogConfig: Setting CVar [[r.SkyAtmosphere.SampleCountMin:4.0]]
[2025.03.28-15.51.56:736][  0]LogConfig: Setting CVar [[r.SkyAtmosphere.SampleCountMax:128.0]]
[2025.03.28-15.51.56:736][  0]LogConfig: Setting CVar [[r.SkyAtmosphere.TransmittanceLUT.UseSmallFormat:0]]
[2025.03.28-15.51.56:736][  0]LogConfig: Setting CVar [[r.SkyAtmosphere.TransmittanceLUT.SampleCount:10.0]]
[2025.03.28-15.51.56:736][  0]LogConfig: Setting CVar [[r.SkyAtmosphere.MultiScatteringLUT.SampleCount:15.0]]
[2025.03.28-15.51.56:736][  0]LogConfig: Setting CVar [[r.SkyLight.RealTimeReflectionCapture:1]]
[2025.03.28-15.51.56:736][  0]LogConfig: Setting CVar [[fx.Niagara.QualityLevel:3]]
[2025.03.28-15.51.56:736][  0]LogConfig: Applying CVar settings from Section [FoliageQuality@3] File [../../../Mars/Saved/Config/WindowsNoEditor/Scalability.ini]
[2025.03.28-15.51.56:736][  0]LogConfig: Setting CVar [[foliage.DensityScale:1.0]]
[2025.03.28-15.51.56:736][  0]LogConfig: Setting CVar [[grass.DensityScale:1.0]]
[2025.03.28-15.51.56:736][  0]LogConfig: Applying CVar settings from Section [ShadingQuality@3] File [../../../Mars/Saved/Config/WindowsNoEditor/Scalability.ini]
[2025.03.28-15.51.56:736][  0]LogConfig: Setting CVar [[r.HairStrands.SkyLighting.IntegrationType:2]]
[2025.03.28-15.51.56:736][  0]LogConfig: Setting CVar [[r.HairStrands.SkyAO.SampleCount:4]]
[2025.03.28-15.51.56:736][  0]LogConfig: Setting CVar [[r.HairStrands.Visibility.MSAA.SamplePerPixel:4]]
[2025.03.28-15.51.56:736][  0]LogConfig: Applying CVar settings from Section [Startup] File [../../../Engine/Config/ConsoleVariables.ini]
[2025.03.28-15.51.56:736][  0]LogConfig: Setting CVar [[net.UseAdaptiveNetUpdateFrequency:0]]
[2025.03.28-15.51.56:737][  0]LogConfig: Setting CVar [[p.chaos.AllowCreatePhysxBodies:1]]
[2025.03.28-15.51.56:737][  0]LogConfig: Setting CVar [[fx.SkipVectorVMBackendOptimizations:1]]
[2025.03.28-15.51.56:737][  0]LogConfig: Applying CVar settings from Section [ConsoleVariables] File [../../../Mars/Saved/Config/WindowsNoEditor/Engine.ini]
[2025.03.28-15.51.56:737][  0]LogInit: Computer: PP1819
[2025.03.28-15.51.56:737][  0]LogInit: User: mohammedattaoui
[2025.03.28-15.51.56:737][  0]LogInit: CPU Page size=4096, Cores=10
[2025.03.28-15.51.56:737][  0]LogInit: High frequency timer resolution =10.000000 MHz
[2025.03.28-15.51.56:737][  0]LogMemory: Memory total: Physical=31.8GB (32GB approx)
[2025.03.28-15.51.56:737][  0]LogMemory: Platform Memory Stats for WindowsNoEditor
[2025.03.28-15.51.56:737][  0]LogMemory: Process Physical Memory: 98.75 MB used, 98.75 MB peak
[2025.03.28-15.51.56:737][  0]LogMemory: Process Virtual Memory: 88.51 MB used, 88.51 MB peak
[2025.03.28-15.51.56:737][  0]LogMemory: Physical Memory: 15022.95 MB used,  17499.19 MB free, 32522.14 MB total
[2025.03.28-15.51.56:737][  0]LogMemory: Virtual Memory: 134203776.00 MB used,  13947.98 MB free, 134217728.00 MB total
[2025.03.28-15.51.56:740][  0]LogWindows: WindowsPlatformFeatures enabled
[2025.03.28-15.51.57:444][  0]LogInit: Physics initialised using underlying interface: PhysX
[2025.03.28-15.51.57:445][  0]LogInit: Using OS detected language (en-US).
[2025.03.28-15.51.57:445][  0]LogInit: Using OS detected locale (en-US).
[2025.03.28-15.51.57:445][  0]LogTextLocalizationManager: No specific localization for 'en-US' exists, so the 'en' localization will be used.
[2025.03.28-15.51.57:494][  0]LogWindowsTextInputMethodSystem: Display: IME system deactivated.
[2025.03.28-15.51.57:526][  0]LogSlate: New Slate User Created.  User Index 0, Is Virtual User: 0
[2025.03.28-15.51.57:526][  0]LogSlate: Slate User Registered.  User Index 0, Is Virtual User: 0
[2025.03.28-15.51.57:625][  0]LogD3D11RHI: Loaded GFSDK_Aftermath_Lib.x64.dll
[2025.03.28-15.51.57:629][  0]LogHMD: Failed to initialize OpenVR with code 110
[2025.03.28-15.51.57:629][  0]LogD3D11RHI: D3D11 min allowed feature level: 11_0
[2025.03.28-15.51.57:629][  0]LogD3D11RHI: D3D11 max allowed feature level: 11_0
[2025.03.28-15.51.57:629][  0]LogD3D11RHI: D3D11 adapters:
[2025.03.28-15.51.57:823][  0]LogD3D11RHI:    0. 'NVIDIA GeForce RTX 2080 Super' (Feature Level 11_0)
[2025.03.28-15.51.57:823][  0]LogD3D11RHI:       7987/0/16261 MB DedicatedVideo/DedicatedSystem/SharedSystem, Outputs:1, VendorId:0x10de
[2025.03.28-15.51.57:887][  0]LogD3D11RHI:    1. 'Intel(R) UHD Graphics 630' (Feature Level 11_0)
[2025.03.28-15.51.57:887][  0]LogD3D11RHI:       128/0/16261 MB DedicatedVideo/DedicatedSystem/SharedSystem, Outputs:0, VendorId:0x8086
[2025.03.28-15.51.57:891][  0]LogD3D11RHI:    2. 'Microsoft Basic Render Driver' (Feature Level 11_0)
[2025.03.28-15.51.57:891][  0]LogD3D11RHI:       0/0/16261 MB DedicatedVideo/DedicatedSystem/SharedSystem, Outputs:0, VendorId:0x1414
[2025.03.28-15.51.57:998][  0]LogD3D11RHI:    3. 'NVIDIA GeForce RTX 2080 Super' (Feature Level 11_0)
[2025.03.28-15.51.57:999][  0]LogD3D11RHI:       7987/0/16261 MB DedicatedVideo/DedicatedSystem/SharedSystem, Outputs:0, VendorId:0x10de
[2025.03.28-15.51.57:999][  0]LogD3D11RHI: Chosen D3D11 Adapter:
[2025.03.28-15.51.57:999][  0]LogD3D11RHI:     Description : NVIDIA GeForce RTX 2080 Super
[2025.03.28-15.51.57:999][  0]LogD3D11RHI:     VendorId    : 10de
[2025.03.28-15.51.57:999][  0]LogD3D11RHI:     DeviceId    : 1e93
[2025.03.28-15.51.57:999][  0]LogD3D11RHI:     SubSysId    : 99d1028
[2025.03.28-15.51.57:999][  0]LogD3D11RHI:     Revision    : 00a1
[2025.03.28-15.51.57:999][  0]LogD3D11RHI:     DedicatedVideoMemory : 8374976512 bytes
[2025.03.28-15.51.57:999][  0]LogD3D11RHI:     DedicatedSystemMemory : 0 bytes
[2025.03.28-15.51.57:999][  0]LogD3D11RHI:     SharedSystemMemory : 17050966016 bytes
[2025.03.28-15.51.57:999][  0]LogD3D11RHI:     AdapterLuid : 0 101323
[2025.03.28-15.51.58:008][  0]LogD3D11RHI: Creating new Direct3DDevice
[2025.03.28-15.51.58:008][  0]LogD3D11RHI:     GPU DeviceId: 0x1e93 (for the marketing name, search the web for "GPU Device Id")
[2025.03.28-15.51.58:008][  0]LogWindows: EnumDisplayDevices:
[2025.03.28-15.51.58:008][  0]LogWindows:    0. 'Microsoft Remote Display Adapter' (P:1 D:1)
[2025.03.28-15.51.58:008][  0]LogWindows:    1. 'Microsoft Remote Display Adapter' (P:0 D:0)
[2025.03.28-15.51.58:009][  0]LogWindows:    2. 'Microsoft Remote Display Adapter' (P:0 D:0)
[2025.03.28-15.51.58:009][  0]LogWindows:    3. 'Microsoft Remote Display Adapter' (P:0 D:0)
[2025.03.28-15.51.58:009][  0]LogWindows:    4. 'Microsoft Remote Display Adapter' (P:0 D:0)
[2025.03.28-15.51.58:009][  0]LogWindows:    5. 'Microsoft Remote Display Adapter' (P:0 D:0)
[2025.03.28-15.51.58:009][  0]LogWindows:    6. 'Microsoft Remote Display Adapter' (P:0 D:0)
[2025.03.28-15.51.58:009][  0]LogWindows:    7. 'Microsoft Remote Display Adapter' (P:0 D:0)
[2025.03.28-15.51.58:009][  0]LogWindows:    8. 'Microsoft Remote Display Adapter' (P:0 D:0)
[2025.03.28-15.51.58:009][  0]LogWindows:    9. 'Microsoft Remote Display Adapter' (P:0 D:0)
[2025.03.28-15.51.58:009][  0]LogWindows:    10. 'Microsoft Remote Display Adapter' (P:0 D:0)
[2025.03.28-15.51.58:009][  0]LogWindows:    11. 'Microsoft Remote Display Adapter' (P:0 D:0)
[2025.03.28-15.51.58:009][  0]LogWindows:    12. 'Microsoft Remote Display Adapter' (P:0 D:0)
[2025.03.28-15.51.58:009][  0]LogWindows:    13. 'Microsoft Remote Display Adapter' (P:0 D:0)
[2025.03.28-15.51.58:010][  0]LogWindows:    14. 'Microsoft Remote Display Adapter' (P:0 D:0)
[2025.03.28-15.51.58:010][  0]LogWindows:    15. 'Microsoft Remote Display Adapter' (P:0 D:0)
[2025.03.28-15.51.58:010][  0]LogWindows: DebugString: PrimaryDriverLocationFailed PrimaryDriverLocationFailed PrimaryDriverLocationFailed PrimaryDriverLocationFailed PrimaryDriverLocationFailed PrimaryDriverLocationFailed PrimaryDriverLocationFailed PrimaryDriverLocationFailed PrimaryDriverLocationFailed PrimaryDriverLocationFailed PrimaryDriverLocationFailed PrimaryDriverLocationFailed PrimaryDriverLocationFailed PrimaryDriverLocationFailed PrimaryDriverLocationFailed PrimaryDriverLocationFailed FoundDriverCount:0 
[2025.03.28-15.51.58:010][  0]LogD3D11RHI:     Adapter Name: NVIDIA GeForce RTX 2080 Super
[2025.03.28-15.51.58:010][  0]LogD3D11RHI:   Driver Version: Unknown (internal:Unknown, unified:Unknown)
[2025.03.28-15.51.58:010][  0]LogD3D11RHI:      Driver Date: Unknown
[2025.03.28-15.51.58:010][  0]LogRHI: Texture pool is 5590 MB (70% of 7987 MB)
[2025.03.28-15.51.58:010][  0]LogD3D11RHI: Creating D3DDevice using adapter:
[2025.03.28-15.51.58:010][  0]LogD3D11RHI:     Description : NVIDIA GeForce RTX 2080 Super
[2025.03.28-15.51.58:010][  0]LogD3D11RHI:     VendorId    : 10de
[2025.03.28-15.51.58:010][  0]LogD3D11RHI:     DeviceId    : 1e93
[2025.03.28-15.51.58:010][  0]LogD3D11RHI:     SubSysId    : 99d1028
[2025.03.28-15.51.58:010][  0]LogD3D11RHI:     Revision    : 00a1
[2025.03.28-15.51.58:010][  0]LogD3D11RHI:     DedicatedVideoMemory : 8374976512 bytes
[2025.03.28-15.51.58:010][  0]LogD3D11RHI:     DedicatedSystemMemory : 0 bytes
[2025.03.28-15.51.58:010][  0]LogD3D11RHI:     SharedSystemMemory : 17050966016 bytes
[2025.03.28-15.51.58:010][  0]LogD3D11RHI:     AdapterLuid : 0 101323
[2025.03.28-15.51.58:126][  0]LogD3D11RHI: RHI has support for 64 bit atomics
[2025.03.28-15.51.58:126][  0]LogD3D11RHI: Async texture creation enabled
[2025.03.28-15.51.58:126][  0]LogD3D11RHI: Array index from any shader is supported
[2025.03.28-15.51.58:169][  0]LogD3D11RHI: GPU Timing Frequency: 1000.000000 (Debug: 2 1)
[2025.03.28-15.51.58:439][  0]LogRHI: GeForceNow SDK initialized: 1
[2025.03.28-15.51.58:439][  0]LogRendererCore: Ray tracing is disabled. Reason: r.RayTracing=0.
[2025.03.28-15.51.58:450][  0]LogShaderLibrary: Display: Using ../../../Mars/Content/ShaderArchive-Global-PCD3D_SM5.ushaderbytecode for material shader code. Total 1951 unique shaders.
[2025.03.28-15.51.58:450][  0]LogShaderLibrary: Display: Cooked Context: Using Shared Shader Library Global
[2025.03.28-15.51.58:450][  0]LogShaderLibrary: Display: Logical shader library 'Global' has been created, components 1
[2025.03.28-15.51.58:451][  0]LogTemp: Warning: Clearing the OS Cache
[2025.03.28-15.51.58:451][  0]LogODSC: ODSC Thread active.
[2025.03.28-15.51.58:458][  0]LogPakFile: New pak file ../../../Mars/Content/Paks/Mars-WindowsNoEditor.pak added to pak precacher.
[2025.03.28-15.51.58:484][  0]LogSlate: Using FreeType 2.10.0
[2025.03.28-15.51.58:485][  0]LogSlate: SlateFontServices - WITH_FREETYPE: 1, WITH_HARFBUZZ: 1
[2025.03.28-15.51.58:681][  0]LogShaderLibrary: Display: Using ../../../Mars/Content/ShaderArchive-Mars-PCD3D_SM5.ushaderbytecode for material shader code. Total 4321 unique shaders.
[2025.03.28-15.51.58:681][  0]LogShaderLibrary: Display: Cooked Context: Using Shared Shader Library Mars
[2025.03.28-15.51.58:681][  0]LogShaderLibrary: Display: Logical shader library 'Mars' has been created, components 1
[2025.03.28-15.51.58:681][  0]LogRHI: Display: Opened pipeline cache after state change and enqueued 0 of 0 tasks for precompile.
[2025.03.28-15.51.58:682][  0]LogShaderLibrary: Display: Using ../../../Mars/Content/ShaderArchive-Mars-PCD3D_SM5.ushaderbytecode for material shader code. Total 4321 unique shaders.
[2025.03.28-15.51.58:682][  0]LogShaderLibrary: Display: Cooked Context: Using Shared Shader Library Mars
[2025.03.28-15.51.58:682][  0]LogRHI: Display: Opened pipeline cache after state change and enqueued 0 of 0 tasks for precompile.
[2025.03.28-15.51.58:682][  0]LogRHI: Display: Failed to open default shader pipeline cache for Mars using shader platform 0.
[2025.03.28-15.51.58:682][  0]LogRHI: Display: Failed to open default shader pipeline cache for Mars using shader platform 0.
[2025.03.28-15.51.58:682][  0]LogInit: Using OS detected language (en-US).
[2025.03.28-15.51.58:682][  0]LogInit: Using OS detected locale (en-US).
[2025.03.28-15.51.58:682][  0]LogTextLocalizationManager: No localization for 'en-US' exists, so 'en' will be used for the language.
[2025.03.28-15.51.58:682][  0]LogTextLocalizationManager: No localization for 'en-US' exists, so 'en' will be used for the locale.
[2025.03.28-15.51.58:682][  0]LogSlate: FontCache flush requested. Reason: Culture for localization was changed
[2025.03.28-15.51.58:682][  0]LogSlate: FontCache flush requested. Reason: Culture for localization was changed
[2025.03.28-15.51.58:684][  0]LogTextLocalizationManager: Compacting localization data took   0.80ms
[2025.03.28-15.51.58:684][  0]LogAssetRegistry: FAssetRegistry took 0.0016 seconds to start up
[2025.03.28-15.51.58:776][  0]LogStreaming: Display: FlushAsyncLoading: 1 QueuedPackages, 0 AsyncPackages
[2025.03.28-15.51.58:777][  0]LogPackageLocalizationCache: Processed 28 localized package path(s) for 1 prioritized culture(s) in 0.000100 seconds
[2025.03.28-15.51.58:789][  0]LogSerialization: Display: AllowBulkDataInIoStore: 'true'
[2025.03.28-15.51.58:789][  0]LogInit: Selected Device Profile: [WindowsNoEditor]
[2025.03.28-15.51.58:790][  0]LogInit: Active device profile: [00000219E0BA6880][00000219DDA26DC0 49] WindowsNoEditor
[2025.03.28-15.51.58:790][  0]LogInit: Profiles: [00000219E0BA6B80][00000219DDA224A0 49] Windows, [00000219E0BA6880][00000219DDA26DC0 49] WindowsNoEditor, 
[2025.03.28-15.51.58:810][  0]LogNetVersion: Mars 1.0.0, NetCL: 17155196, EngineNetVer: 17, GameNetVer: 0 (Checksum: 2239983175)
[2025.03.28-15.51.59:115][  0]LogAudioCaptureCore: Display: No Audio Capture implementations found. Audio input will be silent.
[2025.03.28-15.51.59:115][  0]LogAudioCaptureCore: Display: No Audio Capture implementations found. Audio input will be silent.
[2025.03.28-15.51.59:118][  0]LogHMD: PokeAHoleMaterial loaded successfully
[2025.03.28-15.51.59:175][  0]LogMoviePlayer: Initializing movie player
[2025.03.28-15.51.59:175][  0]LogTemp: StartupModule: AirSim plugin
[2025.03.28-15.51.59:176][  0]LogNiagaraDebuggerClient: Niagara Debugger Client Initialized | Session: 67931EA74930E1AD14CEA7A4E0ABC002 | Instance: F93AC938428573142B1CDA8D903DACF3 (PP1819-19380).
[2025.03.28-15.51.59:177][  0]LogAndroidPermission: UAndroidPermissionCallbackProxy::GetInstance
[2025.03.28-15.51.59:178][  0]LogOcInput: OculusInput pre-init called
[2025.03.28-15.51.59:183][  0]LogUObjectArray: 16197 objects as part of root set at end of initial load.
[2025.03.28-15.51.59:183][  0]LogUObjectArray: 2 objects are not in the root set, but can never be destroyed because they are in the DisregardForGC set.
[2025.03.28-15.51.59:183][  0]LogUObjectAllocator: 3373784 out of 0 bytes used by permanent object pool.
[2025.03.28-15.51.59:183][  0]LogUObjectArray: CloseDisregardForGC: 16197/16197 objects in disregard for GC pool
[2025.03.28-15.51.59:185][  0]LogEngine: Initializing Engine...
[2025.03.28-15.51.59:267][  0]LogHMD: Failed to enumerate extensions. Please check that you have a valid OpenXR runtime installed.
[2025.03.28-15.51.59:267][  0]LogHMD: Failed to initialize OpenVR with code 110
[2025.03.28-15.51.59:268][  0]LogStats: UGameplayTagsManager::InitializeManager -  0.000 s
[2025.03.28-15.51.59:482][  0]LogInit: Initializing FReadOnlyCVARCache
[2025.03.28-15.51.59:482][  0]LogAudio: Display: Initializing Audio Device Manager...
[2025.03.28-15.51.59:482][  0]LogAudio: Display: Loading Default Audio Settings Objects...
[2025.03.28-15.51.59:482][  0]LogAudio: Display: No default SoundConcurrencyObject specified (or failed to load).
[2025.03.28-15.51.59:482][  0]LogAudio: Display: Audio Device Manager Initialized
[2025.03.28-15.51.59:482][  0]LogAudio: Display: Creating Audio Device:                 Id: 1, Scope: Shared, Realtime: True
[2025.03.28-15.51.59:483][  0]LogAudioMixer: Display: Audio Mixer Platform Settings:
[2025.03.28-15.51.59:483][  0]LogAudioMixer: Display: 	Sample Rate:						  48000
[2025.03.28-15.51.59:483][  0]LogAudioMixer: Display: 	Callback Buffer Frame Size Requested: 1024
[2025.03.28-15.51.59:483][  0]LogAudioMixer: Display: 	Callback Buffer Frame Size To Use:	  1024
[2025.03.28-15.51.59:483][  0]LogAudioMixer: Display: 	Number of buffers to queue:			  2
[2025.03.28-15.51.59:483][  0]LogAudioMixer: Display: 	Max Channels (voices):				  32
[2025.03.28-15.51.59:483][  0]LogAudioMixer: Display: 	Number of Async Source Workers:		  0
[2025.03.28-15.51.59:483][  0]LogAudio: Display: AudioDevice MaxSources: 32
[2025.03.28-15.51.59:483][  0]LogAudio: Display: Audio Spatialization Plugin: None (built-in).
[2025.03.28-15.51.59:483][  0]LogAudio: Display: Audio Reverb Plugin: None (built-in).
[2025.03.28-15.51.59:483][  0]LogAudio: Display: Audio Occlusion Plugin: None (built-in).
[2025.03.28-15.51.59:483][  0]LogAudioMixer: Display: Initializing audio mixer.
[2025.03.28-15.51.59:718][  0]LogAudioDebug: Display: Lib vorbis DLL was dynamically loaded.
[2025.03.28-15.51.59:731][  0]LogAudioMixer: Display: 0: FrontLeft
[2025.03.28-15.51.59:731][  0]LogAudioMixer: Display: 1: FrontRight
[2025.03.28-15.51.59:841][  0]LogAudioMixer: Display: Using Audio Device Remote Audio
[2025.03.28-15.51.59:842][  0]LogAudioMixer: Display: Initializing Sound Submixes...
[2025.03.28-15.51.59:843][  0]LogAudioMixer: Display: Creating Master Submix 'MasterSubmixDefault'
[2025.03.28-15.51.59:843][  0]LogAudioMixer: Display: Creating Master Submix 'MasterReverbSubmixDefault'
[2025.03.28-15.51.59:844][  0]LogAudioMixer: Display: Creating Master Submix 'MasterEQSubmixDefault'
[2025.03.28-15.51.59:844][  0]LogAudioMixer: FMixerPlatformXAudio2::StartAudioStream() called
[2025.03.28-15.51.59:844][  0]LogAudioMixer: Display: Output buffers initialized: Frames=1024, Channels=2, Samples=2048
[2025.03.28-15.51.59:845][  0]LogAudioMixer: Display: Starting AudioMixerPlatformInterface::RunInternal()
[2025.03.28-15.51.59:845][  0]LogAudioMixer: Display: FMixerPlatformXAudio2::SubmitBuffer() called for the first time
[2025.03.28-15.51.59:845][  0]LogInit: FAudioDevice initialized.
[2025.03.28-15.51.59:846][  0]LogNetVersion: Set ProjectVersion to 1.0.0.0. Version Checksum will be recalculated on next use.
[2025.03.28-15.51.59:846][  0]LogInit: Texture streaming: Enabled
[2025.03.28-15.51.59:850][  0]LogAudio: Display: Audio Device (ID: 1) registered with world 'Untitled'.
[2025.03.28-15.51.59:851][  0]LogSlate: Updating window title bar state: overlay mode, drag disabled, window buttons hidden, title bar hidden
[2025.03.28-15.51.59:851][  0]LogInit: Display: Game Engine Initialized.
[2025.03.28-15.51.59:852][  0]LogInit: Display: Starting Game.
[2025.03.28-15.51.59:852][  0]LogNet: Browse: /Game/martian_surface/Maps/martian_surface_demo?Name=Player
[2025.03.28-15.51.59:852][  0]LogLoad: LoadMap: /Game/martian_surface/Maps/martian_surface_demo?Name=Player
[2025.03.28-15.51.59:852][  0]LogWorld: BeginTearingDown for /Temp/Untitled_0
[2025.03.28-15.51.59:856][  0]LogWorld: UWorld::CleanupWorld for Untitled, bSessionEnded=true, bCleanupResources=true
[2025.03.28-15.51.59:856][  0]LogSlate: InvalidateAllWidgets triggered.  All widgets were invalidated
[2025.03.28-15.51.59:859][  0]LogAudio: Display: Audio Device unregistered from world 'None'.
[2025.03.28-15.51.59:861][  0]LogUObjectHash: Compacting FUObjectHashTables data took   0.79ms
[2025.03.28-15.52.00:095][  0]LogAudio: Display: Audio Device (ID: 1) registered with world 'martian_surface_demo'.
[2025.03.28-15.52.00:097][  0]LogAIModule: Creating AISystem for world martian_surface_demo
[2025.03.28-15.52.00:097][  0]LogLoad: Game class is 'AirSimGameMode'
[2025.03.28-15.52.00:102][  0]LogWorld: Bringing World /Game/martian_surface/Maps/martian_surface_demo.martian_surface_demo up for play (max tick rate 0) at 2025.03.28-16.52.00
[2025.03.28-15.52.00:102][  0]LogWorld: Bringing up level for play took: 0.002226
[2025.03.28-15.52.01:687][  0]LogPackageName: SearchForPackageOnDisk took   0.086s, but failed to resolve .
[2025.03.28-15.52.01:687][  0]r.CustomDepth = "3"
[2025.03.28-15.52.01:688][  0]LogLevel: WORLD TRANSLATION BEGIN {0, 0, 0} -> {-4160, 4950, 2852}
[2025.03.28-15.52.01:695][  0]LogLevel: WORLD TRANSLATION END {-4160, 4950, 2852} took 7.1435 ms
[2025.03.28-15.52.01:712][  0]LogActor: Warning: BP_CameraDirector_C /Game/martian_surface/Maps/martian_surface_demo.martian_surface_demo:PersistentLevel.CameraDirector has natively added scene component(s), but none of them were set as the actor's RootComponent - picking one arbitrarily
[2025.03.28-15.52.01:719][  0]LogPawn: Error: EnableInput can only be specified on a Pawn for its Controller
[2025.03.28-15.52.01:790][  0]LogTemp: ComputerVision
[2025.03.28-15.52.01:793][  0]LogLoad: Took 1.940878 seconds to LoadMap(/Game/martian_surface/Maps/martian_surface_demo)
[2025.03.28-15.52.01:795][  0]LogSlate: Took 0.001278 seconds to synchronously load lazily loaded font '../../../Engine/Content/EngineFonts/Faces/RobotoBold.ufont' (160K)
[2025.03.28-15.52.01:963][  0]LogRenderer: Reallocating scene render targets to support 1600x900 Format 10 NumSamples 1 (Frame:1).
[2025.03.28-15.52.01:963][  0]LogSlate: Took 0.005797 seconds to synchronously load lazily loaded font '../../../Engine/Content/Slate/Fonts/Roboto-Regular.ttf' (155K)
[2025.03.28-15.52.01:973][  0]LogRHI: Display: ShaderPipelineCache: Paused Batching. 1
[2025.03.28-15.52.01:973][  0]LogPakFile: AllPaks IndexSizes: DirectoryHashSize=581632, PathHashSize=16, EntriesSize=151552, TotalSize=733200
[2025.03.28-15.52.01:973][  0]LogRHI: Display: ShaderPipelineCache: Resumed Batching. 0
[2025.03.28-15.52.01:973][  0]LogRHI: Display: ShaderPipelineCache: Batching Resumed.
[2025.03.28-15.52.01:973][  0]LogInit: Display: Engine is initialized. Leaving FEngineLoop::Init()
[2025.03.28-15.52.01:973][  0]LogLoad: (Engine Initialization) Total time: 6.32 seconds
[2025.03.28-15.52.02:090][  0]LogContentStreaming: Texture pool size now 1000 MB
[2025.03.28-15.52.02:095][  0]LogSlate: InvalidateAllWidgets triggered.  All widgets were invalidated
[2025.03.28-15.52.02:207][  0]LogRenderer: Reallocating scene render targets to support 128x128 Format 10 NumSamples 1 (Frame:1).
[2025.03.28-15.52.02:268][  0]LogRenderer: Reallocating scene render targets to support 1600x900 Format 10 NumSamples 1 (Frame:2).
[2025.03.28-15.52.02:312][  0]LogSlate: Slate font cache was flushed
[2025.03.28-15.52.02:319][  1]LogSlate: Took 0.000281 seconds to synchronously load lazily loaded font '../../../Engine/Content/Slate/Fonts/Roboto-Regular.ttf' (155K)
[2025.03.28-15.52.06:272][138]LogD3D11RHI: Display: Temp texture streaming buffer not large enough, needed 8388608 bytes
[2025.03.28-15.52.07:800][193]LogD3D11RHI: Display: Temp texture streaming buffer not large enough, needed 16777216 bytes
[2025.03.28-15.52.08:832][229]LogD3D11RHI: Display: Temp texture streaming buffer not large enough, needed 8388608 bytes
[2025.03.28-15.52.46:017][663]LogSlate: Request Window 'Mars (64-bit Development PCD3D_SM5) ' being destroyed
[2025.03.28-15.52.46:025][663]LogSlate: Window 'Mars (64-bit Development PCD3D_SM5) ' being destroyed
[2025.03.28-15.52.46:027][663]LogWindowsTextInputMethodSystem: Display: IME system deactivated.
[2025.03.28-15.52.46:043][663]LogSlate: Updating window title bar state: overlay mode, drag disabled, window buttons hidden, title bar hidden
[2025.03.28-15.52.46:043][663]LogEngine: All Windows Closed
[2025.03.28-15.52.46:043][663]LogWindows: FPlatformMisc::RequestExit(0)
[2025.03.28-15.52.46:043][663]LogWindows: FPlatformMisc::RequestExitWithStatus(0, 0)
[2025.03.28-15.52.46:043][663]LogCore: Engine exit requested (reason: Win RequestExit)
[2025.03.28-15.52.46:044][664]LogCore: Engine exit requested (reason: EngineExit() was called; note: exit was already requested)
[2025.03.28-15.52.46:045][664]LogInit: Display: PreExit Game.
[2025.03.28-15.52.46:151][664]LogWorld: BeginTearingDown for /Game/martian_surface/Maps/martian_surface_demo
[2025.03.28-15.52.46:163][664]LogWorld: UWorld::CleanupWorld for martian_surface_demo, bSessionEnded=true, bCleanupResources=true
[2025.03.28-15.52.46:243][664]LogSlate: InvalidateAllWidgets triggered.  All widgets were invalidated
[2025.03.28-15.52.46:290][664]LogAudio: Display: Beginning Audio Device Manager Shutdown (Module: AudioMixerXAudio2)...
[2025.03.28-15.52.46:290][664]LogAudio: Display: Destroying 1 Remaining Audio Device(s)...
[2025.03.28-15.52.46:290][664]LogAudio: Display: Audio Device unregistered from world 'martian_surface_demo'.
[2025.03.28-15.52.46:291][664]LogAudioMixer: FMixerPlatformXAudio2::StopAudioStream() called
[2025.03.28-15.52.46:291][664]LogAudioMixer: FMixerPlatformXAudio2::StopAudioStream() called
[2025.03.28-15.52.46:306][664]LogAudio: Display: Audio Device Manager Shutdown
[2025.03.28-15.52.46:324][664]LogExit: Preparing to exit.
[2025.03.28-15.52.46:324][664]LogMoviePlayer: Shutting down movie player
[2025.03.28-15.52.46:331][664]LogSlate: Updating window title bar state: overlay mode, drag disabled, window buttons hidden, title bar hidden
[2025.03.28-15.52.46:358][664]LogDemo: Cleaned up 0 splitscreen connections with owner deletion
[2025.03.28-15.52.46:360][664]LogExit: Game engine shut down
[2025.03.28-15.52.46:424][664]LogExit: Object subsystem successfully closed.
[2025.03.28-15.52.46:439][664]LogModuleManager: Shutting down and abandoning module AutomationController (368)
[2025.03.28-15.52.46:439][664]LogModuleManager: Shutting down and abandoning module AutomationWorker (366)
[2025.03.28-15.52.46:439][664]LogModuleManager: Shutting down and abandoning module Voice (364)
[2025.03.28-15.52.46:439][664]LogModuleManager: Shutting down and abandoning module AIModule (362)
[2025.03.28-15.52.46:439][664]LogModuleManager: Shutting down and abandoning module GameplayDebugger (361)
[2025.03.28-15.52.46:439][664]LogModuleManager: Shutting down and abandoning module NavigationSystem (359)
[2025.03.28-15.52.46:439][664]LogModuleManager: Shutting down and abandoning module WebMMediaFactory (356)
[2025.03.28-15.52.46:439][664]LogModuleManager: Shutting down and abandoning module WebMMedia (354)
[2025.03.28-15.52.46:439][664]LogModuleManager: Shutting down and abandoning module OpenXRInput (352)
[2025.03.28-15.52.46:439][664]LogModuleManager: Shutting down and abandoning module OculusMR (350)
[2025.03.28-15.52.46:439][664]LogModuleManager: Shutting down and abandoning module WmfMediaFactory (348)
[2025.03.28-15.52.46:439][664]LogModuleManager: Shutting down and abandoning module OpenExrWrapper (346)
[2025.03.28-15.52.46:439][664]LogModuleManager: Shutting down and abandoning module ImgMediaFactory (344)
[2025.03.28-15.52.46:439][664]LogModuleManager: Shutting down and abandoning module AvfMediaFactory (342)
[2025.03.28-15.52.46:439][664]LogModuleManager: Shutting down and abandoning module CharacterAI (340)
[2025.03.28-15.52.46:439][664]LogModuleManager: Shutting down and abandoning module PlanarCut (338)
[2025.03.28-15.52.46:439][664]LogModuleManager: Shutting down and abandoning module SessionServices (336)
[2025.03.28-15.52.46:439][664]LogModuleManager: Shutting down and abandoning module LiveCoding (334)
[2025.03.28-15.52.46:439][664]LogModuleManager: Shutting down and abandoning module LevelSequence (332)
[2025.03.28-15.52.46:439][664]LogModuleManager: Shutting down and abandoning module MovieSceneTracks (330)
[2025.03.28-15.52.46:439][664]LogModuleManager: Shutting down and abandoning module MovieScene (328)
[2025.03.28-15.52.46:439][664]LogModuleManager: Shutting down and abandoning module StreamingPauseRendering (326)
[2025.03.28-15.52.46:439][664]LogModuleManager: Shutting down and abandoning module AudioMixerXAudio2 (324)
[2025.03.28-15.52.46:439][664]LogModuleManager: Shutting down and abandoning module AudioMixerCore (323)
[2025.03.28-15.52.46:439][664]LogModuleManager: Shutting down and abandoning module ImageWriteQueue (320)
[2025.03.28-15.52.46:441][664]LogModuleManager: Shutting down and abandoning module ProfilerService (318)
[2025.03.28-15.52.46:512][664]LogModuleManager: Shutting down and abandoning module TaskGraph (316)
[2025.03.28-15.52.46:512][664]LogModuleManager: Shutting down and abandoning module Synthesis (314)
[2025.03.28-15.52.46:512][664]LogModuleManager: Shutting down and abandoning module TakeMovieScene (312)
[2025.03.28-15.52.46:512][664]LogModuleManager: Shutting down and abandoning module LiveLinkMovieScene (310)
[2025.03.28-15.52.46:512][664]LogModuleManager: Shutting down and abandoning module LiveLinkComponents (308)
[2025.03.28-15.52.46:512][664]LogModuleManager: Shutting down and abandoning module LiveLink (306)
[2025.03.28-15.52.47:202][664]LogModuleManager: Shutting down and abandoning module OculusInput (304)
[2025.03.28-15.52.47:202][664]LogModuleManager: Shutting down and abandoning module MobilePatchingUtils (302)
[2025.03.28-15.52.47:202][664]LogModuleManager: Shutting down and abandoning module GooglePAD (300)
[2025.03.28-15.52.47:202][664]LogModuleManager: Shutting down and abandoning module CustomMeshComponent (298)
[2025.03.28-15.52.47:202][664]LogModuleManager: Shutting down and abandoning module CableComponent (296)
[2025.03.28-15.52.47:202][664]LogModuleManager: Shutting down and abandoning module AudioCapture (294)
[2025.03.28-15.52.47:202][664]LogModuleManager: Shutting down and abandoning module AudioCaptureRtAudio (293)
[2025.03.28-15.52.47:202][664]LogModuleManager: Shutting down and abandoning module AssetTags (290)
[2025.03.28-15.52.47:202][664]LogModuleManager: Shutting down and abandoning module ArchVisCharacter (288)
[2025.03.28-15.52.47:202][664]LogModuleManager: Shutting down and abandoning module AppleImageUtils (286)
[2025.03.28-15.52.47:202][664]LogModuleManager: Shutting down and abandoning module AndroidPermission (284)
[2025.03.28-15.52.47:202][664]LogModuleManager: Shutting down and abandoning module ActorLayerUtilities (282)
[2025.03.28-15.52.47:202][664]LogModuleManager: Shutting down and abandoning module DatabaseSupport (280)
[2025.03.28-15.52.47:202][664]LogModuleManager: Shutting down and abandoning module SQLiteSupport (278)
[2025.03.28-15.52.47:202][664]LogModuleManager: Shutting down and abandoning module MediaCompositing (276)
[2025.03.28-15.52.47:202][664]LogModuleManager: Shutting down and abandoning module ImgMedia (274)
[2025.03.28-15.52.47:202][664]LogModuleManager: Shutting down and abandoning module MagicLeapLightEstimation (272)
[2025.03.28-15.52.47:202][664]LogModuleManager: Shutting down and abandoning module MagicLeapHelperVulkan (270)
[2025.03.28-15.52.47:202][664]LogModuleManager: Shutting down and abandoning module MagicLeapHelperOpenGL (268)
[2025.03.28-15.52.47:202][664]LogModuleManager: Shutting down and abandoning module MagicLeapAudio (266)
[2025.03.28-15.52.47:202][664]LogModuleManager: Shutting down and abandoning module MagicLeapSharedWorld (264)
[2025.03.28-15.52.47:202][664]LogModuleManager: Shutting down and abandoning module OpenImageDenoise (262)
[2025.03.28-15.52.47:202][664]LogModuleManager: Shutting down and abandoning module MotoSynth (260)
[2025.03.28-15.52.47:202][664]LogModuleManager: Shutting down and abandoning module ChaosNiagara (258)
[2025.03.28-15.52.47:202][664]LogModuleManager: Shutting down and abandoning module ProceduralMeshComponent (256)
[2025.03.28-15.52.47:202][664]LogModuleManager: Shutting down and abandoning module GeometryCollectionTracks (254)
[2025.03.28-15.52.47:202][664]LogModuleManager: Shutting down and abandoning module EditableMesh (252)
[2025.03.28-15.52.47:202][664]LogModuleManager: Shutting down and abandoning module MeshConversion (250)
[2025.03.28-15.52.47:202][664]LogModuleManager: Shutting down and abandoning module DynamicMesh (248)
[2025.03.28-15.52.47:202][664]LogModuleManager: Shutting down and abandoning module GeometryAlgorithms (246)
[2025.03.28-15.52.47:202][664]LogModuleManager: Shutting down and abandoning module GeometricObjects (244)
[2025.03.28-15.52.47:202][664]LogModuleManager: Shutting down and abandoning module BackChannel (242)
[2025.03.28-15.52.47:202][664]LogModuleManager: Shutting down and abandoning module AutomationUtils (240)
[2025.03.28-15.52.47:202][664]LogModuleManager: Shutting down and abandoning module GeometryCacheTracks (238)
[2025.03.28-15.52.47:202][664]LogModuleManager: Shutting down and abandoning module GeometryCache (236)
[2025.03.28-15.52.47:202][664]LogModuleManager: Shutting down and abandoning module UObjectPlugin (234)
[2025.03.28-15.52.47:202][664]LogModuleManager: Shutting down and abandoning module OodleNetworkHandlerComponent (232)
[2025.03.28-15.52.47:202][664]LogModuleManager: Shutting down and abandoning module TemplateSequence (230)
[2025.03.28-15.52.47:202][664]LogModuleManager: Shutting down and abandoning module Mars (228)
[2025.03.28-15.52.47:202][664]LogModuleManager: Shutting down and abandoning module AudioSynesthesia (226)
[2025.03.28-15.52.47:202][664]LogModuleManager: Shutting down and abandoning module AudioSynesthesiaCore (224)
[2025.03.28-15.52.47:202][664]LogModuleManager: Shutting down and abandoning module SoundFields (222)
[2025.03.28-15.52.47:202][664]LogModuleManager: Shutting down and abandoning module RuntimePhysXCooking (220)
[2025.03.28-15.52.47:202][664]LogModuleManager: Shutting down and abandoning module LocationServicesBPLibrary (218)
[2025.03.28-15.52.47:202][664]LogModuleManager: Shutting down and abandoning module ActorSequence (216)
[2025.03.28-15.52.47:202][664]LogModuleManager: Shutting down and abandoning module UdpMessaging (214)
[2025.03.28-15.52.47:203][664]LogModuleManager: Shutting down and abandoning module TcpMessaging (212)
[2025.03.28-15.52.47:203][664]LogModuleManager: Shutting down and abandoning module SQLiteCore (210)
[2025.03.28-15.52.47:203][664]LogModuleManager: Shutting down and abandoning module ImgMediaEngine (208)
[2025.03.28-15.52.47:203][664]LogModuleManager: Shutting down and abandoning module MagicLeapHandMeshing (206)
[2025.03.28-15.52.47:203][664]LogModuleManager: Shutting down and abandoning module MagicLeapSecureStorage (204)
[2025.03.28-15.52.47:203][664]LogModuleManager: Shutting down and abandoning module MagicLeapPrivileges (202)
[2025.03.28-15.52.47:203][664]LogModuleManager: Shutting down and abandoning module MagicLeapPlanes (200)
[2025.03.28-15.52.47:203][664]LogModuleManager: Shutting down and abandoning module MagicLeapImageTracker (198)
[2025.03.28-15.52.47:203][664]LogModuleManager: Shutting down and abandoning module MagicLeapIdentity (196)
[2025.03.28-15.52.47:203][664]LogModuleManager: Shutting down and abandoning module MagicLeapHandTracking (194)
[2025.03.28-15.52.47:203][664]LogModuleManager: Shutting down and abandoning module MagicLeapEyeTracker (192)
[2025.03.28-15.52.47:203][664]LogModuleManager: Shutting down and abandoning module MagicLeapController (190)
[2025.03.28-15.52.47:203][664]LogModuleManager: Shutting down and abandoning module MagicLeapARPinImpl (188)
[2025.03.28-15.52.47:203][664]LogModuleManager: Shutting down and abandoning module MagicLeapAR (186)
[2025.03.28-15.52.47:203][664]LogModuleManager: Shutting down and abandoning module MagicLeapARPin (184)
[2025.03.28-15.52.47:203][664]LogModuleManager: Shutting down and abandoning module NiagaraAnimNotifies (182)
[2025.03.28-15.52.47:203][664]LogModuleManager: Shutting down and abandoning module Niagara (180)
[2025.03.28-15.52.47:203][664]LogModuleManager: Shutting down and abandoning module SignalProcessing (179)
[2025.03.28-15.52.47:203][664]LogModuleManager: Shutting down and abandoning module NiagaraCore (176)
[2025.03.28-15.52.47:203][664]LogModuleManager: Shutting down and abandoning module FacialAnimation (174)
[2025.03.28-15.52.47:203][664]LogModuleManager: Shutting down and abandoning module SignificanceManager (172)
[2025.03.28-15.52.47:203][664]LogModuleManager: Shutting down and abandoning module AnimationSharing (170)
[2025.03.28-15.52.47:203][664]LogModuleManager: Shutting down and abandoning module GameplayCameras (168)
[2025.03.28-15.52.47:203][664]LogModuleManager: Shutting down and abandoning module LightPropagationVolumeRuntime (166)
[2025.03.28-15.52.47:203][664]LogModuleManager: Shutting down and abandoning module Paper2D (164)
[2025.03.28-15.52.47:203][664]LogModuleManager: Shutting down and abandoning module AirSim (160)
[2025.03.28-15.52.47:203][664]LogModuleManager: Shutting down and abandoning module WindowsMoviePlayer (158)
[2025.03.28-15.52.47:203][664]LogModuleManager: Shutting down and abandoning module WebMMoviePlayer (156)
[2025.03.28-15.52.47:204][664]LogModuleManager: Shutting down and abandoning module NetworkReplayStreaming (154)
[2025.03.28-15.52.47:204][664]LogModuleManager: Shutting down and abandoning module PacketHandler (152)
[2025.03.28-15.52.47:204][664]LogModuleManager: Shutting down and abandoning module ClothingSystemRuntimeNv (150)
[2025.03.28-15.52.47:204][664]LogModuleManager: Shutting down and abandoning module MediaAssets (148)
[2025.03.28-15.52.47:204][664]LogModuleManager: Shutting down and abandoning module Overlay (146)
[2025.03.28-15.52.47:204][664]LogModuleManager: Shutting down and abandoning module FunctionalTesting (144)
[2025.03.28-15.52.47:204][664]LogModuleManager: Shutting down and abandoning module MessageLog (142)
[2025.03.28-15.52.47:204][664]LogModuleManager: Shutting down and abandoning module UMG (140)
[2025.03.28-15.52.47:204][664]LogModuleManager: Shutting down and abandoning module SlateReflector (138)
[2025.03.28-15.52.47:204][664]LogModuleManager: Shutting down and abandoning module Slate (136)
[2025.03.28-15.52.47:204][664]LogModuleManager: Shutting down and abandoning module SlateCore (134)
[2025.03.28-15.52.47:205][664]LogModuleManager: Shutting down and abandoning module MRMesh (132)
[2025.03.28-15.52.47:205][664]LogModuleManager: Shutting down and abandoning module Messaging (130)
[2025.03.28-15.52.47:205][664]LogModuleManager: Shutting down and abandoning module HeadMountedDisplay (128)
[2025.03.28-15.52.47:205][664]LogModuleManager: Shutting down and abandoning module XAudio2 (126)
[2025.03.28-15.52.47:205][664]LogModuleManager: Shutting down and abandoning module Networking (124)
[2025.03.28-15.52.47:205][664]LogModuleManager: Shutting down and abandoning module Core (122)
[2025.03.28-15.52.47:205][664]LogModuleManager: Shutting down and abandoning module FieldSystemEngine (120)
[2025.03.28-15.52.47:205][664]LogModuleManager: Shutting down and abandoning module ImageWrapper (116)
[2025.03.28-15.52.47:205][664]LogModuleManager: Shutting down and abandoning module D3D11RHI (114)
[2025.03.28-15.52.47:205][664]LogModuleManager: Shutting down and abandoning module InputCore (112)
[2025.03.28-15.52.47:205][664]LogModuleManager: Shutting down and abandoning module Settings (110)
[2025.03.28-15.52.47:205][664]LogModuleManager: Shutting down and abandoning module PhysXCooking (108)
[2025.03.28-15.52.47:205][664]LogModuleManager: Shutting down and abandoning module Chaos (106)
[2025.03.28-15.52.47:205][664]LogModuleManager: Shutting down and abandoning module WindowsPlatformFeatures (104)
[2025.03.28-15.52.47:205][664]LogModuleManager: Shutting down and abandoning module GameplayMediaEncoder (103)
[2025.03.28-15.52.47:205][664]LogModuleManager: Shutting down and abandoning module AVEncoder (102)
[2025.03.28-15.52.47:205][664]LogModuleManager: Shutting down and abandoning module SteamVRInputDevice (98)
[2025.03.28-15.52.47:205][664]LogModuleManager: Shutting down and abandoning module SteamVRInput (96)
[2025.03.28-15.52.47:205][664]LogModuleManager: Shutting down and abandoning module SteamVR (94)
[2025.03.28-15.52.47:205][664]LogHMD: Freeing OpenVRDLLHandle.
[2025.03.28-15.52.47:205][664]LogModuleManager: Shutting down and abandoning module OpenXRHandTracking (92)
[2025.03.28-15.52.47:205][664]LogSlate: Slate User Destroyed.  User Index 0, Is Virtual User: 0
[2025.03.28-15.52.47:205][664]LogModuleManager: Shutting down and abandoning module OpenXRAR (90)
[2025.03.28-15.52.47:205][664]LogModuleManager: Shutting down and abandoning module AugmentedReality (89)
[2025.03.28-15.52.47:205][664]LogModuleManager: Shutting down and abandoning module OpenXRHMD (86)
[2025.03.28-15.52.47:205][664]LogModuleManager: Shutting down and abandoning module OpenXREyeTracker (84)
[2025.03.28-15.52.47:205][664]LogModuleManager: Shutting down and abandoning module OculusHMD (82)
[2025.03.28-15.52.47:205][664]LogModuleManager: Shutting down and abandoning module ExampleDeviceProfileSelector (80)
[2025.03.28-15.52.47:205][664]LogModuleManager: Shutting down and abandoning module ChunkDownloader (78)
[2025.03.28-15.52.47:205][664]LogModuleManager: Shutting down and abandoning module LauncherChunkInstaller (76)
[2025.03.28-15.52.47:205][664]LogModuleManager: Shutting down and abandoning module OnlineSubsystem (72)
[2025.03.28-15.52.47:206][664]LogModuleManager: Shutting down and abandoning module HTTP (67)
[2025.03.28-15.52.47:206][664]LogHttp: Display: cleaning up 0 outstanding Http requests.
[2025.03.28-15.52.47:240][664]LogModuleManager: Shutting down and abandoning module SSL (66)
[2025.03.28-15.52.47:240][664]LogModuleManager: Shutting down and abandoning module WmfMedia (62)
[2025.03.28-15.52.47:241][664]LogModuleManager: Shutting down and abandoning module Media (61)
[2025.03.28-15.52.47:241][664]LogModuleManager: Shutting down and abandoning module MediaInfo (60)
[2025.03.28-15.52.47:241][664]LogModuleManager: Shutting down and abandoning module ExrReaderGpu (56)
[2025.03.28-15.52.47:241][664]LogModuleManager: Shutting down and abandoning module MLSDK (54)
[2025.03.28-15.52.47:241][664]LogModuleManager: Shutting down and abandoning module MagicLeap (52)
[2025.03.28-15.52.47:241][664]LogModuleManager: Shutting down and abandoning module NiagaraVertexFactories (50)
[2025.03.28-15.52.47:241][664]LogModuleManager: Shutting down and abandoning module NiagaraShader (48)
[2025.03.28-15.52.47:241][664]LogModuleManager: Shutting down and abandoning module ChaosCloth (46)
[2025.03.28-15.52.47:241][664]LogModuleManager: Shutting down and abandoning module VariantManagerContent (44)
[2025.03.28-15.52.47:241][664]LogModuleManager: Shutting down and abandoning module DatasmithContent (42)
[2025.03.28-15.52.47:242][664]LogModuleManager: Shutting down and abandoning module PixWinPlugin (40)
[2025.03.28-15.52.47:242][664]LogModuleManager: Shutting down and abandoning module AISupportModule (38)
[2025.03.28-15.52.47:242][664]LogModuleManager: Shutting down and abandoning module PlatformCryptoOpenSSL (36)
[2025.03.28-15.52.47:242][664]LogModuleManager: Shutting down and abandoning module PlatformCryptoTypes (34)
[2025.03.28-15.52.47:242][664]LogModuleManager: Shutting down and abandoning module PlatformCrypto (32)
[2025.03.28-15.52.47:242][664]LogModuleManager: Shutting down and abandoning module PythonScriptPluginPreload (30)
[2025.03.28-15.52.47:242][664]LogModuleManager: Shutting down and abandoning module OodleDataCompressionFormat (28)
[2025.03.28-15.52.47:242][664]LogModuleManager: Shutting down and abandoning module RenderCore (26)
[2025.03.28-15.52.47:242][664]LogModuleManager: Shutting down and abandoning module Landscape (24)
[2025.03.28-15.52.47:242][664]LogModuleManager: Shutting down and abandoning module SlateRHIRenderer (22)
[2025.03.28-15.52.47:242][664]LogModuleManager: Shutting down and abandoning module AnimGraphRuntime (20)
[2025.03.28-15.52.47:242][664]LogModuleManager: Shutting down and abandoning module Renderer (18)
[2025.03.28-15.52.47:242][664]LogModuleManager: Shutting down and abandoning module Engine (16)
[2025.03.28-15.52.47:242][664]LogModuleManager: Shutting down and abandoning module CoreUObject (14)
[2025.03.28-15.52.47:242][664]LogModuleManager: Shutting down and abandoning module NetworkFile (12)
[2025.03.28-15.52.47:242][664]LogModuleManager: Shutting down and abandoning module CookedIterativeFile (10)
[2025.03.28-15.52.47:242][664]LogModuleManager: Shutting down and abandoning module StreamingFile (8)
[2025.03.28-15.52.47:242][664]LogModuleManager: Shutting down and abandoning module SandboxFile (6)
[2025.03.28-15.52.47:242][664]LogModuleManager: Shutting down and abandoning module PakFile (4)
[2025.03.28-15.52.47:245][664]LogModuleManager: Shutting down and abandoning module RSA (3)
[2025.03.28-15.52.47:245][664]LogContentStreaming: Display: There are 1 unreleased StreamingManagers
[2025.03.28-15.52.47:256][664]LogD3D11RHI: Shutdown
[2025.03.28-15.52.47:256][664]LogD3D11RHI: CleanupD3DDevice
[2025.03.28-15.52.47:269][664]LogExit: Exiting.
[2025.03.28-15.52.47:277][664]Log file closed, 03/28/25 16:52:47
